Assuming your lab2 executable is at ./412alloc
('lab2', './412alloc')
Run tests with register: 5
Running 522 tests...
✅ /clear/courses/comp412/students/ILOC/blocks/lab2/block7.i passed!
🐌 You are less effective on this test case.
Your number of cycles for this file is 18.89% higher than number of cycles used by the reference.
Your cycles:	107
Ref cycles:	90
✅ /clear/courses/comp412/students/ILOC/blocks/lab2/block12.i passed!
🐌 You are less effective on this test case.
Your number of cycles for this file is 54.86% higher than number of cycles used by the reference.
Your cycles:	223
Ref cycles:	144
✅ /clear/courses/comp412/students/ILOC/blocks/lab2/block9.i passed!
✅ /clear/courses/comp412/students/ILOC/blocks/lab2/block8.i passed!
🐌 You are less effective on this test case.
Your number of cycles for this file is 28.21% higher than number of cycles used by the reference.
Your cycles:	50
Ref cycles:	39
✅ /clear/courses/comp412/students/ILOC/blocks/lab2/block6.i passed!
✅ /clear/courses/comp412/students/ILOC/blocks/lab2/block11.i passed!
✅ /clear/courses/comp412/students/ILOC/blocks/lab2/block5.i passed!
🐌 You are less effective on this test case.
Your number of cycles for this file is 129.63% higher than number of cycles used by the reference.
Your cycles:	186
Ref cycles:	81
✅ /clear/courses/comp412/students/ILOC/blocks/lab2/block4.i passed!
🐌 You are less effective on this test case.
Your number of cycles for this file is 150.00% higher than number of cycles used by the reference.
Your cycles:	75
Ref cycles:	30
✅ /clear/courses/comp412/students/ILOC/blocks/lab2/block3.i passed!
🐌 You are less effective on this test case.
Your number of cycles for this file is 91.67% higher than number of cycles used by the reference.
Your cycles:	69
Ref cycles:	36
✅ /clear/courses/comp412/students/ILOC/blocks/lab2/block2.i passed!
🐌 You are less effective on this test case.
Your number of cycles for this file is 31.94% higher than number of cycles used by the reference.
Your cycles:	95
Ref cycles:	72
✅ /clear/courses/comp412/students/ILOC/blocks/lab2/block10.i passed!
✅ /clear/courses/comp412/students/ILOC/blocks/lab2/block1.i passed!
✅ /clear/courses/comp412/students/ILOC/contributed/2012/lab3/unrelated_stores.i passed!
🐌 You are less effective on this test case.
Your number of cycles for this file is 92.50% higher than number of cycles used by the reference.
Your cycles:	77
Ref cycles:	40
✅ /clear/courses/comp412/students/ILOC/contributed/2012/lab3/TestTiebreaking.i passed!
🐌 You are less effective on this test case.
Your number of cycles for this file is 10.42% higher than number of cycles used by the reference.
Your cycles:	53
Ref cycles:	48
✅ /clear/courses/comp412/students/ILOC/contributed/2012/lab3/smith-4.i passed!
✅ /clear/courses/comp412/students/ILOC/contributed/2012/lab3/witt-2.i passed!
✅ /clear/courses/comp412/students/ILOC/contributed/2012/lab3/yanxinlu.i passed!
✅ /clear/courses/comp412/students/ILOC/contributed/2012/lab3/witt-3.i passed!
✅ /clear/courses/comp412/students/ILOC/contributed/2012/lab3/smith-3.i passed!
✅ /clear/courses/comp412/students/ILOC/contributed/2012/lab3/smith-2.i passed!
✅ /clear/courses/comp412/students/ILOC/contributed/2012/lab3/prasad.i passed!
🐇 You are more effective on this test case.
Your number of cycles for this file is 8.70% lower than number of cycles used by the reference.
Your cycles:	21
Ref cycles:	23
✅ /clear/courses/comp412/students/ILOC/contributed/2012/lab3/simple.i passed!
✅ /clear/courses/comp412/students/ILOC/contributed/2012/lab3/simple_alternating.i passed!
🐌 You are less effective on this test case.
Your number of cycles for this file is 90.91% higher than number of cycles used by the reference.
Your cycles:	42
Ref cycles:	22
✅ /clear/courses/comp412/students/ILOC/contributed/2012/lab3/trickystores.i passed!
✅ /clear/courses/comp412/students/ILOC/contributed/2012/lab3/jwc.i passed!
🐌 You are less effective on this test case.
Your number of cycles for this file is 35.00% higher than number of cycles used by the reference.
Your cycles:	27
Ref cycles:	20
✅ /clear/courses/comp412/students/ILOC/contributed/2012/lab3/smith-1.i passed!
🐌 You are less effective on this test case.
Your number of cycles for this file is 20.00% higher than number of cycles used by the reference.
Your cycles:	12
Ref cycles:	10
✅ /clear/courses/comp412/students/ILOC/contributed/2012/lab3/witt-1.i passed!
✅ /clear/courses/comp412/students/ILOC/contributed/2013/lab2/s31_test4.i passed!
✅ /clear/courses/comp412/students/ILOC/contributed/2013/lab2/s61_test2.i passed!
🐌 You are less effective on this test case.
Your number of cycles for this file is 77.78% higher than number of cycles used by the reference.
Your cycles:	32
Ref cycles:	18
✅ /clear/courses/comp412/students/ILOC/contributed/2013/lab2/s53_test1.i passed!
✅ /clear/courses/comp412/students/ILOC/contributed/2013/lab2/s30_test4.i passed!
🐌 You are less effective on this test case.
Your number of cycles for this file is 27.14% higher than number of cycles used by the reference.
Your cycles:	89
Ref cycles:	70
✅ /clear/courses/comp412/students/ILOC/contributed/2013/lab2/s30_test3.i passed!
🐌 You are less effective on this test case.
Your number of cycles for this file is 38.24% higher than number of cycles used by the reference.
Your cycles:	47
Ref cycles:	34
✅ /clear/courses/comp412/students/ILOC/contributed/2013/lab2/s28_test2.i passed!
🐌 You are less effective on this test case.
Your number of cycles for this file is 150.00% higher than number of cycles used by the reference.
Your cycles:	75
Ref cycles:	30
✅ /clear/courses/comp412/students/ILOC/contributed/2013/lab2/s50_test1.i passed!
✅ /clear/courses/comp412/students/ILOC/contributed/2013/lab2/s40_test1.i passed!
🐌 You are less effective on this test case.
Your number of cycles for this file is 32.26% higher than number of cycles used by the reference.
Your cycles:	41
Ref cycles:	31
✅ /clear/courses/comp412/students/ILOC/contributed/2013/lab2/s32_test2.i passed!
🐌 You are less effective on this test case.
Your number of cycles for this file is 21.05% higher than number of cycles used by the reference.
Your cycles:	23
Ref cycles:	19
✅ /clear/courses/comp412/students/ILOC/contributed/2013/lab2/s16_test1.i passed!
✅ /clear/courses/comp412/students/ILOC/contributed/2013/lab2/s51_test2.i passed!
✅ /clear/courses/comp412/students/ILOC/contributed/2013/lab2/s52_test1.i passed!
🐌 You are less effective on this test case.
Your number of cycles for this file is 15.38% higher than number of cycles used by the reference.
Your cycles:	15
Ref cycles:	13
✅ /clear/courses/comp412/students/ILOC/contributed/2013/lab2/s26_integersum.i passed!
🐌 You are less effective on this test case.
Your number of cycles for this file is 207.69% higher than number of cycles used by the reference.
Your cycles:	160
Ref cycles:	52
✅ /clear/courses/comp412/students/ILOC/contributed/2013/lab2/s23_test_lshift2.i passed!
✅ /clear/courses/comp412/students/ILOC/contributed/2013/lab2/s13_block2.i passed!
✅ /clear/courses/comp412/students/ILOC/contributed/2013/lab2/s26_fibonacci.i passed!
🐌 You are less effective on this test case.
Your number of cycles for this file is 30.00% higher than number of cycles used by the reference.
Your cycles:	78
Ref cycles:	60
✅ /clear/courses/comp412/students/ILOC/contributed/2013/lab2/s32_test3.i passed!
🐌 You are less effective on this test case.
Your number of cycles for this file is 52.00% higher than number of cycles used by the reference.
Your cycles:	38
Ref cycles:	25
✅ /clear/courses/comp412/students/ILOC/contributed/2013/lab2/s41_test1.i passed!
✅ /clear/courses/comp412/students/ILOC/contributed/2013/lab2/s15_block2.i passed!
🐌 You are less effective on this test case.
Your number of cycles for this file is 54.17% higher than number of cycles used by the reference.
Your cycles:	148
Ref cycles:	96
✅ /clear/courses/comp412/students/ILOC/contributed/2013/lab2/s24_test3.i passed!
✅ /clear/courses/comp412/students/ILOC/contributed/2013/lab2/s51_test3.i passed!
🐌 You are less effective on this test case.
Your number of cycles for this file is 11.43% higher than number of cycles used by the reference.
Your cycles:	39
Ref cycles:	35
✅ /clear/courses/comp412/students/ILOC/contributed/2013/lab2/s40_test4.i passed!
🐌 You are less effective on this test case.
Your number of cycles for this file is 31.82% higher than number of cycles used by the reference.
Your cycles:	29
Ref cycles:	22
✅ /clear/courses/comp412/students/ILOC/contributed/2013/lab2/s43_block1.i passed!
✅ /clear/courses/comp412/students/ILOC/contributed/2013/lab2/s57_test3.i passed!
✅ /clear/courses/comp412/students/ILOC/contributed/2013/lab2/s25_test1.i passed!
🐌 You are less effective on this test case.
Your number of cycles for this file is 100.00% higher than number of cycles used by the reference.
Your cycles:	24
Ref cycles:	12
✅ /clear/courses/comp412/students/ILOC/contributed/2013/lab2/s44_block3.i passed!
🐌 You are less effective on this test case.
Your number of cycles for this file is 46.15% higher than number of cycles used by the reference.
Your cycles:	19
Ref cycles:	13
✅ /clear/courses/comp412/students/ILOC/contributed/2013/lab2/s61_test3.i passed!
✅ /clear/courses/comp412/students/ILOC/contributed/2013/lab2/s31_test2.i passed!
✅ /clear/courses/comp412/students/ILOC/contributed/2013/lab2/s03_test3.i passed!
🐌 You are less effective on this test case.
Your number of cycles for this file is 20.83% higher than number of cycles used by the reference.
Your cycles:	29
Ref cycles:	24
✅ /clear/courses/comp412/students/ILOC/contributed/2013/lab2/s19_test2.i passed!
✅ /clear/courses/comp412/students/ILOC/contributed/2013/lab2/s33_test2.i passed!
✅ /clear/courses/comp412/students/ILOC/contributed/2013/lab2/s23_test_mult3.i passed!
✅ /clear/courses/comp412/students/ILOC/contributed/2013/lab2/s40_test3.i passed!
✅ /clear/courses/comp412/students/ILOC/contributed/2013/lab2/s53_test4.i passed!
🐌 You are less effective on this test case.
Your number of cycles for this file is 44.83% higher than number of cycles used by the reference.
Your cycles:	42
Ref cycles:	29
✅ /clear/courses/comp412/students/ILOC/contributed/2013/lab2/s27_test1.i passed!
🐌 You are less effective on this test case.
Your number of cycles for this file is 17.86% higher than number of cycles used by the reference.
Your cycles:	33
Ref cycles:	28
✅ /clear/courses/comp412/students/ILOC/contributed/2013/lab2/s33_test3.i passed!
✅ /clear/courses/comp412/students/ILOC/contributed/2013/lab2/s61_test1.i passed!
🐌 You are less effective on this test case.
Your number of cycles for this file is 85.71% higher than number of cycles used by the reference.
Your cycles:	65
Ref cycles:	35
✅ /clear/courses/comp412/students/ILOC/contributed/2013/lab2/s32_test1.i passed!
🐌 You are less effective on this test case.
Your number of cycles for this file is 33.33% higher than number of cycles used by the reference.
Your cycles:	12
Ref cycles:	9
✅ /clear/courses/comp412/students/ILOC/contributed/2013/lab2/s43_block3.i passed!
✅ /clear/courses/comp412/students/ILOC/contributed/2013/lab2/s23_test_sub5.i passed!
✅ /clear/courses/comp412/students/ILOC/contributed/2013/lab2/s55_test4.i passed!
✅ /clear/courses/comp412/students/ILOC/contributed/2013/lab2/s30_test1.i passed!
🐌 You are less effective on this test case.
Your number of cycles for this file is 40.00% higher than number of cycles used by the reference.
Your cycles:	21
Ref cycles:	15
✅ /clear/courses/comp412/students/ILOC/contributed/2013/lab2/s24_test4.i passed!
✅ /clear/courses/comp412/students/ILOC/contributed/2013/lab2/s18_test2.i passed!
✅ /clear/courses/comp412/students/ILOC/contributed/2013/lab2/s13_block6.i passed!
✅ /clear/courses/comp412/students/ILOC/contributed/2013/lab2/s15_block1.i passed!
🐌 You are less effective on this test case.
Your number of cycles for this file is 10.53% higher than number of cycles used by the reference.
Your cycles:	21
Ref cycles:	19
✅ /clear/courses/comp412/students/ILOC/contributed/2013/lab2/s38_letters.i passed!
🐌 You are less effective on this test case.
Your number of cycles for this file is 77.42% higher than number of cycles used by the reference.
Your cycles:	55
Ref cycles:	31
✅ /clear/courses/comp412/students/ILOC/contributed/2013/lab2/s17_test1.i passed!
✅ /clear/courses/comp412/students/ILOC/contributed/2013/lab2/s55_test3.i passed!
✅ /clear/courses/comp412/students/ILOC/contributed/2013/lab2/s12_testblock4.i passed!
✅ /clear/courses/comp412/students/ILOC/contributed/2013/lab2/s09_test3.i passed!
✅ /clear/courses/comp412/students/ILOC/contributed/2013/lab2/s56_test3.i passed!
✅ /clear/courses/comp412/students/ILOC/contributed/2013/lab2/s26_sum.i passed!
✅ /clear/courses/comp412/students/ILOC/contributed/2013/lab2/s16_test3.i passed!
✅ /clear/courses/comp412/students/ILOC/contributed/2013/lab2/s05_reverse.i passed!
🐌 You are less effective on this test case.
Your number of cycles for this file is 53.45% higher than number of cycles used by the reference.
Your cycles:	89
Ref cycles:	58
✅ /clear/courses/comp412/students/ILOC/contributed/2013/lab2/s17_test2.i passed!
✅ /clear/courses/comp412/students/ILOC/contributed/2013/lab2/s16_test0.i passed!
✅ /clear/courses/comp412/students/ILOC/contributed/2013/lab2/s09_test1.i passed!
✅ /clear/courses/comp412/students/ILOC/contributed/2013/lab2/s14_test2.i passed!
✅ /clear/courses/comp412/students/ILOC/contributed/2013/lab2/s08_test3.i passed!
✅ /clear/courses/comp412/students/ILOC/contributed/2013/lab2/s16_test2.i passed!
✅ /clear/courses/comp412/students/ILOC/contributed/2013/lab2/s18_test3.i passed!
🐌 You are less effective on this test case.
Your number of cycles for this file is 92.59% higher than number of cycles used by the reference.
Your cycles:	104
Ref cycles:	54
✅ /clear/courses/comp412/students/ILOC/contributed/2013/lab2/s63_test1.i passed!
✅ /clear/courses/comp412/students/ILOC/contributed/2013/lab2/s33_test4.i passed!
✅ /clear/courses/comp412/students/ILOC/contributed/2013/lab2/s05_factorial.i passed!
✅ /clear/courses/comp412/students/ILOC/contributed/2013/lab2/s57_test2.i passed!
✅ /clear/courses/comp412/students/ILOC/contributed/2013/lab2/s23_test_add1.i passed!
✅ /clear/courses/comp412/students/ILOC/contributed/2013/lab2/s12_testblock1.i passed!
✅ /clear/courses/comp412/students/ILOC/contributed/2013/lab2/s29_test3.i passed!
✅ /clear/courses/comp412/students/ILOC/contributed/2013/lab2/s52_test2.i passed!
✅ /clear/courses/comp412/students/ILOC/contributed/2013/lab2/s11_test3.i passed!
🐌 You are less effective on this test case.
Your number of cycles for this file is 50.00% higher than number of cycles used by the reference.
Your cycles:	93
Ref cycles:	62
✅ /clear/courses/comp412/students/ILOC/contributed/2013/lab2/s45_block3.i passed!
✅ /clear/courses/comp412/students/ILOC/contributed/2013/lab2/s43_block2.i passed!
✅ /clear/courses/comp412/students/ILOC/contributed/2013/lab2/s21_largeRegTest.i passed!
🐌 You are less effective on this test case.
Your number of cycles for this file is 712.50% higher than number of cycles used by the reference.
Your cycles:	65
Ref cycles:	8
✅ /clear/courses/comp412/students/ILOC/contributed/2013/lab2/s21_block1ZeroTest.i passed!
✅ /clear/courses/comp412/students/ILOC/contributed/2013/lab2/s40_test2.i passed!
✅ /clear/courses/comp412/students/ILOC/contributed/2013/lab2/s32_test4.i passed!
✅ /clear/courses/comp412/students/ILOC/contributed/2013/lab2/s38_squares.i passed!
🐌 You are less effective on this test case.
Your number of cycles for this file is 17.95% higher than number of cycles used by the reference.
Your cycles:	46
Ref cycles:	39
✅ /clear/courses/comp412/students/ILOC/contributed/2013/lab2/s35_block3.i passed!
🐌 You are less effective on this test case.
Your number of cycles for this file is 33.33% higher than number of cycles used by the reference.
Your cycles:	8
Ref cycles:	6
✅ /clear/courses/comp412/students/ILOC/contributed/2013/lab2/s42_test1.i passed!
🐌 You are less effective on this test case.
Your number of cycles for this file is 31.94% higher than number of cycles used by the reference.
Your cycles:	95
Ref cycles:	72
✅ /clear/courses/comp412/students/ILOC/contributed/2013/lab2/s28_test1.i passed!
✅ /clear/courses/comp412/students/ILOC/contributed/2013/lab2/s29_test2.i passed!
✅ /clear/courses/comp412/students/ILOC/contributed/2013/lab2/s24_test1.i passed!
✅ /clear/courses/comp412/students/ILOC/contributed/2013/lab2/s13_block5.i passed!
✅ /clear/courses/comp412/students/ILOC/contributed/2013/lab2/s11_test6.i passed!
✅ /clear/courses/comp412/students/ILOC/contributed/2013/lab2/s33_test1.i passed!
🐌 You are less effective on this test case.
Your number of cycles for this file is 14.81% higher than number of cycles used by the reference.
Your cycles:	31
Ref cycles:	27
✅ /clear/courses/comp412/students/ILOC/contributed/2013/lab2/s09_test2.i passed!
✅ /clear/courses/comp412/students/ILOC/contributed/2013/lab2/s41_test3.i passed!
✅ /clear/courses/comp412/students/ILOC/contributed/2013/lab2/s63_test3.i passed!
🐌 You are less effective on this test case.
Your number of cycles for this file is 20.00% higher than number of cycles used by the reference.
Your cycles:	42
Ref cycles:	35
✅ /clear/courses/comp412/students/ILOC/contributed/2013/lab2/s19_test1.i passed!
✅ /clear/courses/comp412/students/ILOC/contributed/2013/lab2/s52_test3.i passed!
🐌 You are less effective on this test case.
Your number of cycles for this file is 20.00% higher than number of cycles used by the reference.
Your cycles:	12
Ref cycles:	10
✅ /clear/courses/comp412/students/ILOC/contributed/2013/lab2/s01_block1.i passed!
✅ /clear/courses/comp412/students/ILOC/contributed/2013/lab2/s20_test4.i passed!
✅ /clear/courses/comp412/students/ILOC/contributed/2013/lab2/s03_test1.i passed!
✅ /clear/courses/comp412/students/ILOC/contributed/2013/lab2/s56_test4.i passed!
✅ /clear/courses/comp412/students/ILOC/contributed/2013/lab2/s22_test_block3.i passed!
🐌 You are less effective on this test case.
Your number of cycles for this file is 76.47% higher than number of cycles used by the reference.
Your cycles:	90
Ref cycles:	51
✅ /clear/courses/comp412/students/ILOC/contributed/2013/lab2/s25_test2.i passed!
✅ /clear/courses/comp412/students/ILOC/contributed/2013/lab2/s11_test4.i passed!
✅ /clear/courses/comp412/students/ILOC/contributed/2013/lab2/s20_test2.i passed!
🐌 You are less effective on this test case.
Your number of cycles for this file is 64.12% higher than number of cycles used by the reference.
Your cycles:	215
Ref cycles:	131
✅ /clear/courses/comp412/students/ILOC/contributed/2013/lab2/s61_test4.i passed!
🐇 You are more effective on this test case.
Your number of cycles for this file is 7.69% lower than number of cycles used by the reference.
Your cycles:	12
Ref cycles:	13
✅ /clear/courses/comp412/students/ILOC/contributed/2013/lab2/s01_block3.i passed!
✅ /clear/courses/comp412/students/ILOC/contributed/2013/lab2/s20_test1.i passed!
✅ /clear/courses/comp412/students/ILOC/contributed/2013/lab2/s45_block2.i passed!
🐌 You are less effective on this test case.
Your number of cycles for this file is 71.43% higher than number of cycles used by the reference.
Your cycles:	96
Ref cycles:	56
✅ /clear/courses/comp412/students/ILOC/contributed/2013/lab2/s22_test_block4.i passed!
🐌 You are less effective on this test case.
Your number of cycles for this file is 47.37% higher than number of cycles used by the reference.
Your cycles:	56
Ref cycles:	38
✅ /clear/courses/comp412/students/ILOC/contributed/2013/lab2/s14_test1.i passed!
✅ /clear/courses/comp412/students/ILOC/contributed/2013/lab2/s12_testblock2.i passed!
🐌 You are less effective on this test case.
Your number of cycles for this file is 31.58% higher than number of cycles used by the reference.
Your cycles:	25
Ref cycles:	19
✅ /clear/courses/comp412/students/ILOC/contributed/2013/lab2/s43_block4.i passed!
✅ /clear/courses/comp412/students/ILOC/contributed/2013/lab2/s38_round.i passed!
🐌 You are less effective on this test case.
Your number of cycles for this file is 37.68% higher than number of cycles used by the reference.
Your cycles:	95
Ref cycles:	69
✅ /clear/courses/comp412/students/ILOC/contributed/2013/lab2/s24_test2.i passed!
✅ /clear/courses/comp412/students/ILOC/contributed/2013/lab2/s22_test_block1.i passed!
🐌 You are less effective on this test case.
Your number of cycles for this file is 26.56% higher than number of cycles used by the reference.
Your cycles:	81
Ref cycles:	64
✅ /clear/courses/comp412/students/ILOC/contributed/2013/lab2/s63_test2.i passed!
🐌 You are less effective on this test case.
Your number of cycles for this file is 54.55% higher than number of cycles used by the reference.
Your cycles:	17
Ref cycles:	11
✅ /clear/courses/comp412/students/ILOC/contributed/2013/lab2/s58_test3.i passed!
🐌 You are less effective on this test case.
Your number of cycles for this file is 129.63% higher than number of cycles used by the reference.
Your cycles:	186
Ref cycles:	81
✅ /clear/courses/comp412/students/ILOC/contributed/2013/lab2/s04_test3.i passed!
🐌 You are less effective on this test case.
Your number of cycles for this file is 54.55% higher than number of cycles used by the reference.
Your cycles:	34
Ref cycles:	22
✅ /clear/courses/comp412/students/ILOC/contributed/2013/lab2/s27_test3.i passed!
🐌 You are less effective on this test case.
Your number of cycles for this file is 103.33% higher than number of cycles used by the reference.
Your cycles:	61
Ref cycles:	30
✅ /clear/courses/comp412/students/ILOC/contributed/2013/lab2/s17_test4.i passed!
✅ /clear/courses/comp412/students/ILOC/contributed/2013/lab2/s12_testblock3.i passed!
✅ /clear/courses/comp412/students/ILOC/contributed/2013/lab2/s34_test1.i passed!
🐌 You are less effective on this test case.
Your number of cycles for this file is 54.86% higher than number of cycles used by the reference.
Your cycles:	223
Ref cycles:	144
✅ /clear/courses/comp412/students/ILOC/contributed/2013/lab2/s36_test4.i passed!
🐌 You are less effective on this test case.
Your number of cycles for this file is 114.84% higher than number of cycles used by the reference.
Your cycles:	550
Ref cycles:	256
✅ /clear/courses/comp412/students/ILOC/contributed/2013/lab2/s11_test7.i passed!
✅ /clear/courses/comp412/students/ILOC/contributed/2013/lab2/s34_test5.i passed!
✅ /clear/courses/comp412/students/ILOC/contributed/2013/lab2/s10_test4.i passed!
🐌 You are less effective on this test case.
Your number of cycles for this file is 270.23% higher than number of cycles used by the reference.
Your cycles:	485
Ref cycles:	131
✅ /clear/courses/comp412/students/ILOC/contributed/2013/lab2/s46_test2.i passed!
✅ /clear/courses/comp412/students/ILOC/contributed/2013/lab2/s04_test4.i passed!
🐌 You are less effective on this test case.
Your number of cycles for this file is 14.29% higher than number of cycles used by the reference.
Your cycles:	32
Ref cycles:	28
✅ /clear/courses/comp412/students/ILOC/contributed/2013/lab2/s28_test3.i passed!
🐌 You are less effective on this test case.
Your number of cycles for this file is 32.39% higher than number of cycles used by the reference.
Your cycles:	94
Ref cycles:	71
✅ /clear/courses/comp412/students/ILOC/contributed/2013/lab2/s20_test3.i passed!
🐌 You are less effective on this test case.
Your number of cycles for this file is 286.57% higher than number of cycles used by the reference.
Your cycles:	259
Ref cycles:	67
✅ /clear/courses/comp412/students/ILOC/contributed/2013/lab2/s15_block3.i passed!
🐌 You are less effective on this test case.
Your number of cycles for this file is 144.78% higher than number of cycles used by the reference.
Your cycles:	164
Ref cycles:	67
✅ /clear/courses/comp412/students/ILOC/contributed/2013/lab2/s51_test1.i passed!
✅ /clear/courses/comp412/students/ILOC/contributed/2013/lab2/s46_test1.i passed!
✅ /clear/courses/comp412/students/ILOC/contributed/2013/lab2/s63_test4.i passed!
✅ /clear/courses/comp412/students/ILOC/contributed/2013/lab2/s39_test2.i passed!
✅ /clear/courses/comp412/students/ILOC/contributed/2013/lab2/s21_allOpsTest.i passed!
🐌 You are less effective on this test case.
Your number of cycles for this file is 43.75% higher than number of cycles used by the reference.
Your cycles:	23
Ref cycles:	16
✅ /clear/courses/comp412/students/ILOC/contributed/2013/lab2/s48_test4.i passed!
🐌 You are less effective on this test case.
Your number of cycles for this file is 130.49% higher than number of cycles used by the reference.
Your cycles:	189
Ref cycles:	82
✅ /clear/courses/comp412/students/ILOC/contributed/2013/lab2/s58_test1.i passed!
✅ /clear/courses/comp412/students/ILOC/contributed/2013/lab2/s03_test4.i passed!
🐌 You are less effective on this test case.
Your number of cycles for this file is 16.67% higher than number of cycles used by the reference.
Your cycles:	28
Ref cycles:	24
✅ /clear/courses/comp412/students/ILOC/contributed/2013/lab2/s34_test4.i passed!
🐌 You are less effective on this test case.
Your number of cycles for this file is 18.89% higher than number of cycles used by the reference.
Your cycles:	107
Ref cycles:	90
✅ /clear/courses/comp412/students/ILOC/contributed/2013/lab2/s19_test4.i passed!
✅ /clear/courses/comp412/students/ILOC/contributed/2013/lab2/s56_test2.i passed!
✅ /clear/courses/comp412/students/ILOC/contributed/2013/lab2/s18_test4.i passed!
🐌 You are less effective on this test case.
Your number of cycles for this file is 35.82% higher than number of cycles used by the reference.
Your cycles:	91
Ref cycles:	67
✅ /clear/courses/comp412/students/ILOC/contributed/2013/lab2/s22_test_block2.i passed!
🐌 You are less effective on this test case.
Your number of cycles for this file is 37.68% higher than number of cycles used by the reference.
Your cycles:	190
Ref cycles:	138
✅ /clear/courses/comp412/students/ILOC/contributed/2013/lab2/s04_test2.i passed!
🐇 You are more effective on this test case.
Your number of cycles for this file is 5.26% lower than number of cycles used by the reference.
Your cycles:	18
Ref cycles:	19
✅ /clear/courses/comp412/students/ILOC/contributed/2013/lab2/s44_block2.i passed!
✅ /clear/courses/comp412/students/ILOC/contributed/2013/lab2/s08_test2.i passed!
✅ /clear/courses/comp412/students/ILOC/contributed/2013/lab2/s31_test3.i passed!
✅ /clear/courses/comp412/students/ILOC/contributed/2013/lab2/s35_block2.i passed!
🐌 You are less effective on this test case.
Your number of cycles for this file is 282.52% higher than number of cycles used by the reference.
Your cycles:	788
Ref cycles:	206
✅ /clear/courses/comp412/students/ILOC/contributed/2013/lab2/s08_test4.i passed!
✅ /clear/courses/comp412/students/ILOC/contributed/2013/lab2/s15_block4.i passed!
🐌 You are less effective on this test case.
Your number of cycles for this file is 51.39% higher than number of cycles used by the reference.
Your cycles:	109
Ref cycles:	72
✅ /clear/courses/comp412/students/ILOC/contributed/2013/lab2/s34_test2.i passed!
✅ /clear/courses/comp412/students/ILOC/contributed/2013/lab2/s44_block4.i passed!
✅ /clear/courses/comp412/students/ILOC/contributed/2013/lab2/s48_test1.i passed!
✅ /clear/courses/comp412/students/ILOC/contributed/2013/lab2/s39_test5.i passed!
✅ /clear/courses/comp412/students/ILOC/contributed/2013/lab2/s29_test4.i passed!
✅ /clear/courses/comp412/students/ILOC/contributed/2013/lab2/s53_test2.i passed!
🐌 You are less effective on this test case.
Your number of cycles for this file is 31.58% higher than number of cycles used by the reference.
Your cycles:	25
Ref cycles:	19
✅ /clear/courses/comp412/students/ILOC/contributed/2013/lab2/s26_factorial.i passed!
🐌 You are less effective on this test case.
Your number of cycles for this file is 150.00% higher than number of cycles used by the reference.
Your cycles:	60
Ref cycles:	24
✅ /clear/courses/comp412/students/ILOC/contributed/2013/lab2/s14_test3.i passed!
🐌 You are less effective on this test case.
Your number of cycles for this file is 14.71% higher than number of cycles used by the reference.
Your cycles:	39
Ref cycles:	34
✅ /clear/courses/comp412/students/ILOC/contributed/2013/lab2/s58_test4.i passed!
✅ /clear/courses/comp412/students/ILOC/contributed/2013/lab2/s41_test2.i passed!
✅ /clear/courses/comp412/students/ILOC/contributed/2013/lab2/s30_test2.i passed!
🐌 You are less effective on this test case.
Your number of cycles for this file is 42.86% higher than number of cycles used by the reference.
Your cycles:	20
Ref cycles:	14
✅ /clear/courses/comp412/students/ILOC/contributed/2013/lab2/s34_test3.i passed!
🐌 You are less effective on this test case.
Your number of cycles for this file is 16.67% higher than number of cycles used by the reference.
Your cycles:	42
Ref cycles:	36
✅ /clear/courses/comp412/students/ILOC/contributed/2013/lab2/s11_test5.i passed!
✅ /clear/courses/comp412/students/ILOC/contributed/2013/lab2/s45_block4.i passed!
✅ /clear/courses/comp412/students/ILOC/contributed/2013/lab2/s08_test1.i passed!
✅ /clear/courses/comp412/students/ILOC/contributed/2013/lab2/s13_block1.i passed!
✅ /clear/courses/comp412/students/ILOC/contributed/2013/lab2/s36_test2.i passed!
✅ /clear/courses/comp412/students/ILOC/contributed/2013/lab2/s23_test_rshift4.i passed!
✅ /clear/courses/comp412/students/ILOC/contributed/2013/lab2/s06_test4.i passed!
✅ /clear/courses/comp412/students/ILOC/contributed/2013/lab2/s05_copy.i passed!
✅ /clear/courses/comp412/students/ILOC/contributed/2013/lab2/s27_test4.i passed!
🐌 You are less effective on this test case.
Your number of cycles for this file is 114.71% higher than number of cycles used by the reference.
Your cycles:	73
Ref cycles:	34
✅ /clear/courses/comp412/students/ILOC/contributed/2013/lab2/s21_Factorial10Test.i passed!
🐌 You are less effective on this test case.
Your number of cycles for this file is 112.28% higher than number of cycles used by the reference.
Your cycles:	121
Ref cycles:	57
✅ /clear/courses/comp412/students/ILOC/contributed/2013/lab2/s11_test1.i passed!
🐌 You are less effective on this test case.
Your number of cycles for this file is 15.00% higher than number of cycles used by the reference.
Your cycles:	23
Ref cycles:	20
✅ /clear/courses/comp412/students/ILOC/contributed/2013/lab2/s29_test1.i passed!
🐌 You are less effective on this test case.
Your number of cycles for this file is 212.50% higher than number of cycles used by the reference.
Your cycles:	50
Ref cycles:	16
✅ /clear/courses/comp412/students/ILOC/contributed/2013/lab2/s13_block3.i passed!
✅ /clear/courses/comp412/students/ILOC/contributed/2013/lab2/s14_test4.i passed!
✅ /clear/courses/comp412/students/ILOC/contributed/2013/lab2/s48_test2.i passed!
✅ /clear/courses/comp412/students/ILOC/contributed/2013/lab2/s05_sumarray.i passed!
🐌 You are less effective on this test case.
Your number of cycles for this file is 46.43% higher than number of cycles used by the reference.
Your cycles:	41
Ref cycles:	28
✅ /clear/courses/comp412/students/ILOC/contributed/2013/lab2/s09_test4.i passed!
✅ /clear/courses/comp412/students/ILOC/contributed/2013/lab2/s48_test3.i passed!
✅ /clear/courses/comp412/students/ILOC/contributed/2013/lab2/s57_test4.i passed!
✅ /clear/courses/comp412/students/ILOC/contributed/2013/lab2/s11_test2.i passed!
🐌 You are less effective on this test case.
Your number of cycles for this file is 36.73% higher than number of cycles used by the reference.
Your cycles:	67
Ref cycles:	49
✅ /clear/courses/comp412/students/ILOC/contributed/2013/lab2/s03_test2.i passed!
✅ /clear/courses/comp412/students/ILOC/contributed/2013/lab2/s62_test2.i passed!
✅ /clear/courses/comp412/students/ILOC/contributed/2013/lab2/s10_test1.i passed!
✅ /clear/courses/comp412/students/ILOC/contributed/2013/lab2/s46_test3.i passed!
✅ /clear/courses/comp412/students/ILOC/contributed/2013/lab2/s06_test3.i passed!
🐌 You are less effective on this test case.
Your number of cycles for this file is 11.43% higher than number of cycles used by the reference.
Your cycles:	39
Ref cycles:	35
✅ /clear/courses/comp412/students/ILOC/contributed/2013/lab2/s39_test1.i passed!
✅ /clear/courses/comp412/students/ILOC/contributed/2013/lab2/s18_test1.i passed!
✅ /clear/courses/comp412/students/ILOC/contributed/2013/lab2/s28_test4.i passed!
🐌 You are less effective on this test case.
Your number of cycles for this file is 84.62% higher than number of cycles used by the reference.
Your cycles:	72
Ref cycles:	39
✅ /clear/courses/comp412/students/ILOC/contributed/2013/lab2/s01_block4.i passed!
✅ /clear/courses/comp412/students/ILOC/contributed/2013/lab2/s01_block0.i passed!
✅ /clear/courses/comp412/students/ILOC/contributed/2013/lab2/s47_test2.i passed!
🐌 You are less effective on this test case.
Your number of cycles for this file is 25.00% higher than number of cycles used by the reference.
Your cycles:	30
Ref cycles:	24
✅ /clear/courses/comp412/students/ILOC/contributed/2013/lab2/s55_test1.i passed!
🐌 You are less effective on this test case.
Your number of cycles for this file is 11.11% higher than number of cycles used by the reference.
Your cycles:	10
Ref cycles:	9
✅ /clear/courses/comp412/students/ILOC/contributed/2013/lab2/s58_test2.i passed!
🐌 You are less effective on this test case.
Your number of cycles for this file is 82.50% higher than number of cycles used by the reference.
Your cycles:	73
Ref cycles:	40
✅ /clear/courses/comp412/students/ILOC/contributed/2013/lab2/s35_block4.i passed!
✅ /clear/courses/comp412/students/ILOC/contributed/2013/lab2/s52_test4.i passed!
🐇 You are more effective on this test case.
Your number of cycles for this file is 5.88% lower than number of cycles used by the reference.
Your cycles:	16
Ref cycles:	17
✅ /clear/courses/comp412/students/ILOC/contributed/2013/lab2/s19_test3.i passed!
✅ /clear/courses/comp412/students/ILOC/contributed/2013/lab2/s25_test4.i passed!
✅ /clear/courses/comp412/students/ILOC/contributed/2013/lab2/s06_test1.i passed!
✅ /clear/courses/comp412/students/ILOC/contributed/2013/lab2/s36_test1.i passed!
🐌 You are less effective on this test case.
Your number of cycles for this file is 10.00% higher than number of cycles used by the reference.
Your cycles:	11
Ref cycles:	10
✅ /clear/courses/comp412/students/ILOC/contributed/2013/lab2/s56_test1.i passed!
✅ /clear/courses/comp412/students/ILOC/contributed/2013/lab2/s10_test3.i passed!
🐌 You are less effective on this test case.
Your number of cycles for this file is 12.50% higher than number of cycles used by the reference.
Your cycles:	18
Ref cycles:	16
✅ /clear/courses/comp412/students/ILOC/contributed/2013/lab2/s55_test2.i passed!
✅ /clear/courses/comp412/students/ILOC/contributed/2013/lab2/s17_test3.i passed!
✅ /clear/courses/comp412/students/ILOC/contributed/2013/lab2/s27_test2.i passed!
✅ /clear/courses/comp412/students/ILOC/contributed/2013/lab2/s47_test4.i passed!
🐌 You are less effective on this test case.
Your number of cycles for this file is 112.50% higher than number of cycles used by the reference.
Your cycles:	51
Ref cycles:	24
✅ /clear/courses/comp412/students/ILOC/contributed/2013/lab2/s01_block2.i passed!
✅ /clear/courses/comp412/students/ILOC/contributed/2013/lab2/s13_block4.i passed!
✅ /clear/courses/comp412/students/ILOC/contributed/2013/lab2/s25_test3.i passed!
✅ /clear/courses/comp412/students/ILOC/contributed/2013/lab2/s45_block1.i passed!
✅ /clear/courses/comp412/students/ILOC/contributed/2013/lab2/s38_large.i passed!
🐌 You are less effective on this test case.
Your number of cycles for this file is 70.72% higher than number of cycles used by the reference.
Your cycles:	787
Ref cycles:	461
✅ /clear/courses/comp412/students/ILOC/contributed/2013/lab2/s31_test1.i passed!
✅ /clear/courses/comp412/students/ILOC/contributed/2013/lab2/s04_test1.i passed!
✅ /clear/courses/comp412/students/ILOC/contributed/2013/lab2/s35_block1.i passed!
✅ /clear/courses/comp412/students/ILOC/contributed/2013/lab2/s53_test3.i passed!
✅ /clear/courses/comp412/students/ILOC/contributed/2013/lab2/s44_block1.i passed!
✅ /clear/courses/comp412/students/ILOC/contributed/2013/lab2/s36_test3.i passed!
✅ /clear/courses/comp412/students/ILOC/contributed/2013/lab2/s47_test1.i passed!
🐌 You are less effective on this test case.
Your number of cycles for this file is 91.67% higher than number of cycles used by the reference.
Your cycles:	46
Ref cycles:	24
✅ /clear/courses/comp412/students/ILOC/contributed/2013/lab2/s06_test2.i passed!
✅ /clear/courses/comp412/students/ILOC/contributed/2013/lab2/s51_test4.i passed!
✅ /clear/courses/comp412/students/ILOC/contributed/2013/lab2/s57_test1.i passed!
✅ /clear/courses/comp412/students/ILOC/contributed/2013/lab2/s47_test3.i passed!
🐌 You are less effective on this test case.
Your number of cycles for this file is 30.00% higher than number of cycles used by the reference.
Your cycles:	26
Ref cycles:	20
✅ /clear/courses/comp412/students/ILOC/contributed/2013/lab2/s10_test2.i passed!
🐌 You are less effective on this test case.
Your number of cycles for this file is 136.84% higher than number of cycles used by the reference.
Your cycles:	90
Ref cycles:	38
✅ /clear/courses/comp412/students/ILOC/contributed/2013/lab2/s46_test4.i passed!
✅ /clear/courses/comp412/students/ILOC/contributed/2013/lab2/s39_test4.i passed!
✅ /clear/courses/comp412/students/ILOC/contributed/2013/lab3/s50_multipleStores.i passed!
🐌 You are less effective on this test case.
Your number of cycles for this file is 33.33% higher than number of cycles used by the reference.
Your cycles:	40
Ref cycles:	30
✅ /clear/courses/comp412/students/ILOC/contributed/2013/lab3/s51_test.i passed!
✅ /clear/courses/comp412/students/ILOC/contributed/2013/lab3/s35_test.i passed!
✅ /clear/courses/comp412/students/ILOC/contributed/2013/lab3/s16_test1.i passed!
🐌 You are less effective on this test case.
Your number of cycles for this file is 29.41% higher than number of cycles used by the reference.
Your cycles:	22
Ref cycles:	17
✅ /clear/courses/comp412/students/ILOC/contributed/2013/lab3/s61_test.i passed!
✅ /clear/courses/comp412/students/ILOC/contributed/2013/lab3/s27_test.i passed!
✅ /clear/courses/comp412/students/ILOC/contributed/2013/lab3/s50_output_store.i passed!
🐇 You are more effective on this test case.
Your number of cycles for this file is 5.13% lower than number of cycles used by the reference.
Your cycles:	37
Ref cycles:	39
✅ /clear/courses/comp412/students/ILOC/contributed/2013/lab3/s45_test.i passed!
✅ /clear/courses/comp412/students/ILOC/contributed/2013/lab3/s52_test.i passed!
🐇 You are more effective on this test case.
Your number of cycles for this file is 4.76% lower than number of cycles used by the reference.
Your cycles:	40
Ref cycles:	42
✅ /clear/courses/comp412/students/ILOC/contributed/2013/lab3/s56_dependency.i passed!
🐇 You are more effective on this test case.
Your number of cycles for this file is 9.09% lower than number of cycles used by the reference.
Your cycles:	10
Ref cycles:	11
✅ /clear/courses/comp412/students/ILOC/contributed/2013/lab3/s01_test.i passed!
✅ /clear/courses/comp412/students/ILOC/contributed/2013/lab3/s53_test.i passed!
🐌 You are less effective on this test case.
Your number of cycles for this file is 20.00% higher than number of cycles used by the reference.
Your cycles:	30
Ref cycles:	25
✅ /clear/courses/comp412/students/ILOC/contributed/2013/lab3/s29_test.i passed!
✅ /clear/courses/comp412/students/ILOC/contributed/2013/lab3/s16_test2.i passed!
🐌 You are less effective on this test case.
Your number of cycles for this file is 13.04% higher than number of cycles used by the reference.
Your cycles:	26
Ref cycles:	23
✅ /clear/courses/comp412/students/ILOC/contributed/2013/lab3/s40_test.i passed!
🐌 You are less effective on this test case.
Your number of cycles for this file is 40.00% higher than number of cycles used by the reference.
Your cycles:	21
Ref cycles:	15
✅ /clear/courses/comp412/students/ILOC/contributed/2013/lab3/s55_test.i passed!
✅ /clear/courses/comp412/students/ILOC/contributed/2013/lab3/s22_test.i passed!
🐌 You are less effective on this test case.
Your number of cycles for this file is 50.00% higher than number of cycles used by the reference.
Your cycles:	18
Ref cycles:	12
✅ /clear/courses/comp412/students/ILOC/contributed/2013/lab3/s43_renamed.i passed!
✅ /clear/courses/comp412/students/ILOC/contributed/2013/lab3/s12_test.i passed!
🐌 You are less effective on this test case.
Your number of cycles for this file is 11.11% higher than number of cycles used by the reference.
Your cycles:	20
Ref cycles:	18
✅ /clear/courses/comp412/students/ILOC/contributed/2013/lab3/s03_the_monster.i passed!
✅ /clear/courses/comp412/students/ILOC/contributed/2013/lab3/s31_test.i passed!
✅ /clear/courses/comp412/students/ILOC/contributed/2013/lab3/s11_test.i passed!
✅ /clear/courses/comp412/students/ILOC/contributed/2013/lab3/s07_test.i passed!
✅ /clear/courses/comp412/students/ILOC/contributed/2013/lab3/s20_test.i passed!
🐇 You are more effective on this test case.
Your number of cycles for this file is 5.56% lower than number of cycles used by the reference.
Your cycles:	17
Ref cycles:	18
✅ /clear/courses/comp412/students/ILOC/contributed/2013/lab3/s04_test.i passed!
✅ /clear/courses/comp412/students/ILOC/contributed/2013/lab3/s17_test.i passed!
🐌 You are less effective on this test case.
Your number of cycles for this file is 22.86% higher than number of cycles used by the reference.
Your cycles:	43
Ref cycles:	35
✅ /clear/courses/comp412/students/ILOC/contributed/2013/lab3/s05_test.i passed!
🐌 You are less effective on this test case.
Your number of cycles for this file is 71.19% higher than number of cycles used by the reference.
Your cycles:	101
Ref cycles:	59
✅ /clear/courses/comp412/students/ILOC/contributed/2013/lab3/s39_test.i passed!
🐌 You are less effective on this test case.
Your number of cycles for this file is 54.55% higher than number of cycles used by the reference.
Your cycles:	153
Ref cycles:	99
✅ /clear/courses/comp412/students/ILOC/contributed/2013/lab3/s49_SumMult.i passed!
🐌 You are less effective on this test case.
Your number of cycles for this file is 32.08% higher than number of cycles used by the reference.
Your cycles:	70
Ref cycles:	53
✅ /clear/courses/comp412/students/ILOC/contributed/2013/lab3/s25_test.i passed!
🐌 You are less effective on this test case.
Your number of cycles for this file is 140.00% higher than number of cycles used by the reference.
Your cycles:	48
Ref cycles:	20
✅ /clear/courses/comp412/students/ILOC/contributed/2013/lab3/s06_test.i passed!
✅ /clear/courses/comp412/students/ILOC/contributed/2013/lab3/s28_test.i passed!
✅ /clear/courses/comp412/students/ILOC/contributed/2013/lab3/s60_test.i passed!
🐌 You are less effective on this test case.
Your number of cycles for this file is 34.62% higher than number of cycles used by the reference.
Your cycles:	35
Ref cycles:	26
✅ /clear/courses/comp412/students/ILOC/contributed/2013/lab3/s54_test.i passed!
🐌 You are less effective on this test case.
Your number of cycles for this file is 50.00% higher than number of cycles used by the reference.
Your cycles:	78
Ref cycles:	52
✅ /clear/courses/comp412/students/ILOC/contributed/2013/lab3/s50_trickyRename.i passed!
🐌 You are less effective on this test case.
Your number of cycles for this file is 16.67% higher than number of cycles used by the reference.
Your cycles:	14
Ref cycles:	12
✅ /clear/courses/comp412/students/ILOC/contributed/2013/lab3/s19_output_order.i passed!
✅ /clear/courses/comp412/students/ILOC/contributed/2013/lab3/s13_testpriorities.i passed!
🐇 You are more effective on this test case.
Your number of cycles for this file is 6.25% lower than number of cycles used by the reference.
Your cycles:	30
Ref cycles:	32
✅ /clear/courses/comp412/students/ILOC/contributed/2013/lab3/s46_test.i passed!
🐌 You are less effective on this test case.
Your number of cycles for this file is 66.67% higher than number of cycles used by the reference.
Your cycles:	40
Ref cycles:	24
✅ /clear/courses/comp412/students/ILOC/contributed/2013/lab3/s38_test.i passed!
🐌 You are less effective on this test case.
Your number of cycles for this file is 55.81% higher than number of cycles used by the reference.
Your cycles:	67
Ref cycles:	43
✅ /clear/courses/comp412/students/ILOC/contributed/2013/lab3/s14_test.i passed!
✅ /clear/courses/comp412/students/ILOC/contributed/2013/lab3/s30_test.i passed!
✅ /clear/courses/comp412/students/ILOC/contributed/2013/lab3/s58_test.i passed!
🐌 You are less effective on this test case.
Your number of cycles for this file is 18.92% higher than number of cycles used by the reference.
Your cycles:	88
Ref cycles:	74
✅ /clear/courses/comp412/students/ILOC/contributed/2013/lab3/s26_vectoradd_hard.i passed!
✅ /clear/courses/comp412/students/ILOC/contributed/2013/lab3/s26_vectoradd_easy.i passed!
🐌 You are less effective on this test case.
Your number of cycles for this file is 200.00% higher than number of cycles used by the reference.
Your cycles:	54
Ref cycles:	18
✅ /clear/courses/comp412/students/ILOC/contributed/2013/lab3/s02_memory_disambiguation_1.i passed!
✅ /clear/courses/comp412/students/ILOC/contributed/2013/lab3/s36_memoryconfusion.i passed!
✅ /clear/courses/comp412/students/ILOC/contributed/2013/lab3/s48_crowdedStore.i passed!
✅ /clear/courses/comp412/students/ILOC/contributed/2013/lab3/s47_test.i passed!
✅ /clear/courses/comp412/students/ILOC/contributed/2013/lab3/s10_dependency_test.i passed!
✅ /clear/courses/comp412/students/ILOC/contributed/2013/lab3/s23_test.i passed!
✅ /clear/courses/comp412/students/ILOC/contributed/2013/lab3/s44_test.i passed!
🐌 You are less effective on this test case.
Your number of cycles for this file is 12.50% higher than number of cycles used by the reference.
Your cycles:	18
Ref cycles:	16
✅ /clear/courses/comp412/students/ILOC/contributed/2013/lab3/s15_test.i passed!
🐌 You are less effective on this test case.
Your number of cycles for this file is 10.00% higher than number of cycles used by the reference.
Your cycles:	11
Ref cycles:	10
✅ /clear/courses/comp412/students/ILOC/contributed/2013/lab3/s33_test.i passed!
✅ /clear/courses/comp412/students/ILOC/contributed/2013/lab3/s02_memory_disambiguation_2.i passed!
🐌 You are less effective on this test case.
Your number of cycles for this file is 145.45% higher than number of cycles used by the reference.
Your cycles:	54
Ref cycles:	22
✅ /clear/courses/comp412/students/ILOC/contributed/2013/lab3/s08_test.i passed!
🐌 You are less effective on this test case.
Your number of cycles for this file is 18.18% higher than number of cycles used by the reference.
Your cycles:	13
Ref cycles:	11
✅ /clear/courses/comp412/students/ILOC/contributed/2014/lab2/cal7.i passed!
✅ /clear/courses/comp412/students/ILOC/contributed/2014/lab2/jjc6.i passed!
✅ /clear/courses/comp412/students/ILOC/contributed/2014/lab2/yp10.i passed!
🐌 You are less effective on this test case.
Your number of cycles for this file is 30.61% higher than number of cycles used by the reference.
Your cycles:	64
Ref cycles:	49
✅ /clear/courses/comp412/students/ILOC/contributed/2014/lab2/wg7.i passed!
🐌 You are less effective on this test case.
Your number of cycles for this file is 101.82% higher than number of cycles used by the reference.
Your cycles:	111
Ref cycles:	55
✅ /clear/courses/comp412/students/ILOC/contributed/2014/lab2/wan1.i passed!
✅ /clear/courses/comp412/students/ILOC/contributed/2014/lab2/nbh2.i passed!
🐌 You are less effective on this test case.
Your number of cycles for this file is 126.32% higher than number of cycles used by the reference.
Your cycles:	86
Ref cycles:	38
✅ /clear/courses/comp412/students/ILOC/contributed/2014/lab2/jfj2.i passed!
🐌 You are less effective on this test case.
Your number of cycles for this file is 243.48% higher than number of cycles used by the reference.
Your cycles:	237
Ref cycles:	69
✅ /clear/courses/comp412/students/ILOC/contributed/2014/lab2/my12.i passed!
🐌 You are less effective on this test case.
Your number of cycles for this file is 68.39% higher than number of cycles used by the reference.
Your cycles:	261
Ref cycles:	155
✅ /clear/courses/comp412/students/ILOC/contributed/2014/lab2/yd9.squares.i passed!
🐌 You are less effective on this test case.
Your number of cycles for this file is 10.91% higher than number of cycles used by the reference.
Your cycles:	122
Ref cycles:	110
✅ /clear/courses/comp412/students/ILOC/contributed/2014/lab2/jmn8.i passed!
🐌 You are less effective on this test case.
Your number of cycles for this file is 40.62% higher than number of cycles used by the reference.
Your cycles:	135
Ref cycles:	96
✅ /clear/courses/comp412/students/ILOC/contributed/2014/lab2/ssh2.i passed!
🐌 You are less effective on this test case.
Your number of cycles for this file is 47.83% higher than number of cycles used by the reference.
Your cycles:	34
Ref cycles:	23
✅ /clear/courses/comp412/students/ILOC/contributed/2014/lab2/yw27.i passed!
✅ /clear/courses/comp412/students/ILOC/contributed/2014/lab2/xl22.i passed!
✅ /clear/courses/comp412/students/ILOC/contributed/2014/lab2/jl71.i passed!
✅ /clear/courses/comp412/students/ILOC/contributed/2014/lab2/bw6.i passed!
✅ /clear/courses/comp412/students/ILOC/contributed/2014/lab2/ngr2.i passed!
✅ /clear/courses/comp412/students/ILOC/contributed/2014/lab2/pyw1.i passed!
🐌 You are less effective on this test case.
Your number of cycles for this file is 40.43% higher than number of cycles used by the reference.
Your cycles:	66
Ref cycles:	47
✅ /clear/courses/comp412/students/ILOC/contributed/2014/lab2/hz21.i passed!
🐌 You are less effective on this test case.
Your number of cycles for this file is 71.67% higher than number of cycles used by the reference.
Your cycles:	103
Ref cycles:	60
✅ /clear/courses/comp412/students/ILOC/contributed/2014/lab2/yd9.gcd.i passed!
✅ /clear/courses/comp412/students/ILOC/contributed/2014/lab2/wj3.i passed!
✅ /clear/courses/comp412/students/ILOC/contributed/2014/lab2/jl98.i passed!
🐌 You are less effective on this test case.
Your number of cycles for this file is 25.00% higher than number of cycles used by the reference.
Your cycles:	25
Ref cycles:	20
✅ /clear/courses/comp412/students/ILOC/contributed/2014/lab2/ews1.i passed!
🐌 You are less effective on this test case.
Your number of cycles for this file is 29.31% higher than number of cycles used by the reference.
Your cycles:	75
Ref cycles:	58
✅ /clear/courses/comp412/students/ILOC/contributed/2014/lab2/hl33.i passed!
🐌 You are less effective on this test case.
Your number of cycles for this file is 10.00% higher than number of cycles used by the reference.
Your cycles:	11
Ref cycles:	10
✅ /clear/courses/comp412/students/ILOC/contributed/2014/lab2/imh1.i passed!
✅ /clear/courses/comp412/students/ILOC/contributed/2014/lab2/kcb5.i passed!
🐌 You are less effective on this test case.
Your number of cycles for this file is 62.26% higher than number of cycles used by the reference.
Your cycles:	172
Ref cycles:	106
✅ /clear/courses/comp412/students/ILOC/contributed/2014/lab2/wsp1.i passed!
🐌 You are less effective on this test case.
Your number of cycles for this file is 163.64% higher than number of cycles used by the reference.
Your cycles:	58
Ref cycles:	22
✅ /clear/courses/comp412/students/ILOC/contributed/2014/lab2/les6.i passed!
✅ /clear/courses/comp412/students/ILOC/contributed/2014/lab2/icm2.i passed!
✅ /clear/courses/comp412/students/ILOC/contributed/2014/lab2/yl65.i passed!
✅ /clear/courses/comp412/students/ILOC/contributed/2014/lab2/sm80.i passed!
✅ /clear/courses/comp412/students/ILOC/contributed/2014/lab2/msp5.i passed!
🐌 You are less effective on this test case.
Your number of cycles for this file is 19.13% higher than number of cycles used by the reference.
Your cycles:	355
Ref cycles:	298
✅ /clear/courses/comp412/students/ILOC/contributed/2014/lab2/kwa2.i passed!
🐌 You are less effective on this test case.
Your number of cycles for this file is 64.64% higher than number of cycles used by the reference.
Your cycles:	596
Ref cycles:	362
✅ /clear/courses/comp412/students/ILOC/contributed/2014/lab2/sjl4.i passed!
🐌 You are less effective on this test case.
Your number of cycles for this file is 80.40% higher than number of cycles used by the reference.
Your cycles:	359
Ref cycles:	199
✅ /clear/courses/comp412/students/ILOC/contributed/2014/lab2/jmg9.i passed!
✅ /clear/courses/comp412/students/ILOC/contributed/2014/lab2/jjo1.i passed!
🐌 You are less effective on this test case.
Your number of cycles for this file is 50.00% higher than number of cycles used by the reference.
Your cycles:	30
Ref cycles:	20
✅ /clear/courses/comp412/students/ILOC/contributed/2014/lab2/ash4.i passed!
✅ /clear/courses/comp412/students/ILOC/contributed/2014/lab2/fg10.i passed!
🐌 You are less effective on this test case.
Your number of cycles for this file is 12.50% higher than number of cycles used by the reference.
Your cycles:	9
Ref cycles:	8
✅ /clear/courses/comp412/students/ILOC/contributed/2014/lab2/jps12.i passed!
🐌 You are less effective on this test case.
Your number of cycles for this file is 33.00% higher than number of cycles used by the reference.
Your cycles:	943
Ref cycles:	709
✅ /clear/courses/comp412/students/ILOC/contributed/2014/lab2/jak6.i passed!
🐌 You are less effective on this test case.
Your number of cycles for this file is 127.12% higher than number of cycles used by the reference.
Your cycles:	268
Ref cycles:	118
✅ /clear/courses/comp412/students/ILOC/contributed/2014/lab2/cms14.i passed!
✅ /clear/courses/comp412/students/ILOC/contributed/2014/lab2/jdw7.i passed!
✅ /clear/courses/comp412/students/ILOC/contributed/2014/lab2/veb2.i passed!
✅ /clear/courses/comp412/students/ILOC/contributed/2014/lab2/mcc10.i passed!
🐌 You are less effective on this test case.
Your number of cycles for this file is 60.00% higher than number of cycles used by the reference.
Your cycles:	48
Ref cycles:	30
✅ /clear/courses/comp412/students/ILOC/contributed/2014/lab2/zw12.i passed!
✅ /clear/courses/comp412/students/ILOC/contributed/2014/lab2/jdc5.i passed!
🐌 You are less effective on this test case.
Your number of cycles for this file is 16.19% higher than number of cycles used by the reference.
Your cycles:	122
Ref cycles:	105
✅ /clear/courses/comp412/students/ILOC/contributed/2014/lab2/gel1.i passed!
✅ /clear/courses/comp412/students/ILOC/contributed/2014/lab2/cz21.i passed!
🐌 You are less effective on this test case.
Your number of cycles for this file is 98.63% higher than number of cycles used by the reference.
Your cycles:	145
Ref cycles:	73
✅ /clear/courses/comp412/students/ILOC/contributed/2014/lab2/kz12.i passed!
✅ /clear/courses/comp412/students/ILOC/contributed/2014/lab2/cx5.i passed!
✅ /clear/courses/comp412/students/ILOC/contributed/2014/lab2/yn4.i passed!
🐌 You are less effective on this test case.
Your number of cycles for this file is 62.50% higher than number of cycles used by the reference.
Your cycles:	26
Ref cycles:	16
✅ /clear/courses/comp412/students/ILOC/contributed/2014/lab2/dtp3.i passed!
✅ /clear/courses/comp412/students/ILOC/contributed/2014/lab2/yx14.i passed!
✅ /clear/courses/comp412/students/ILOC/contributed/2014/lab2/kef2.i passed!
✅ /clear/courses/comp412/students/ILOC/contributed/2014/lab2/kag8.i passed!
🐌 You are less effective on this test case.
Your number of cycles for this file is 172.22% higher than number of cycles used by the reference.
Your cycles:	49
Ref cycles:	18
✅ /clear/courses/comp412/students/ILOC/contributed/2014/lab2/gty1.i passed!
🐌 You are less effective on this test case.
Your number of cycles for this file is 69.79% higher than number of cycles used by the reference.
Your cycles:	163
Ref cycles:	96
✅ /clear/courses/comp412/students/ILOC/contributed/2014/lab2/eeb3.i passed!
🐌 You are less effective on this test case.
Your number of cycles for this file is 29.28% higher than number of cycles used by the reference.
Your cycles:	234
Ref cycles:	181
✅ /clear/courses/comp412/students/ILOC/contributed/2014/lab3/cal7.i passed!
✅ /clear/courses/comp412/students/ILOC/contributed/2014/lab3/jjc6.i passed!
✅ /clear/courses/comp412/students/ILOC/contributed/2014/lab3/yp10.i passed!
✅ /clear/courses/comp412/students/ILOC/contributed/2014/lab3/wg7.i passed!
✅ /clear/courses/comp412/students/ILOC/contributed/2014/lab3/wan1.i passed!
✅ /clear/courses/comp412/students/ILOC/contributed/2014/lab3/nbh2.i passed!
🐌 You are less effective on this test case.
Your number of cycles for this file is 106.98% higher than number of cycles used by the reference.
Your cycles:	178
Ref cycles:	86
✅ /clear/courses/comp412/students/ILOC/contributed/2014/lab3/tbw1.i passed!
✅ /clear/courses/comp412/students/ILOC/contributed/2014/lab3/jfj2.i passed!
✅ /clear/courses/comp412/students/ILOC/contributed/2014/lab3/my12.i passed!
🐌 You are less effective on this test case.
Your number of cycles for this file is 84.21% higher than number of cycles used by the reference.
Your cycles:	105
Ref cycles:	57
✅ /clear/courses/comp412/students/ILOC/contributed/2014/lab3/tc19.i passed!
🐌 You are less effective on this test case.
Your number of cycles for this file is 31.58% higher than number of cycles used by the reference.
Your cycles:	25
Ref cycles:	19
✅ /clear/courses/comp412/students/ILOC/contributed/2014/lab3/ssh2.i passed!
🐌 You are less effective on this test case.
Your number of cycles for this file is 47.83% higher than number of cycles used by the reference.
Your cycles:	34
Ref cycles:	23
✅ /clear/courses/comp412/students/ILOC/contributed/2014/lab3/jmn8.2.i passed!
🐇 You are more effective on this test case.
Your number of cycles for this file is 4.17% lower than number of cycles used by the reference.
Your cycles:	23
Ref cycles:	24
✅ /clear/courses/comp412/students/ILOC/contributed/2014/lab3/xl22.i passed!
✅ /clear/courses/comp412/students/ILOC/contributed/2014/lab3/jl71.i passed!
✅ /clear/courses/comp412/students/ILOC/contributed/2014/lab3/bw6.i passed!
✅ /clear/courses/comp412/students/ILOC/contributed/2014/lab3/ngr2.i passed!
🐌 You are less effective on this test case.
Your number of cycles for this file is 105.23% higher than number of cycles used by the reference.
Your cycles:	314
Ref cycles:	153
✅ /clear/courses/comp412/students/ILOC/contributed/2014/lab3/pyw1.i passed!
🐌 You are less effective on this test case.
Your number of cycles for this file is 13.73% higher than number of cycles used by the reference.
Your cycles:	58
Ref cycles:	51
✅ /clear/courses/comp412/students/ILOC/contributed/2014/lab3/hz21.i passed!
✅ /clear/courses/comp412/students/ILOC/contributed/2014/lab3/wj3.i passed!
✅ /clear/courses/comp412/students/ILOC/contributed/2014/lab3/jl98.i passed!
🐌 You are less effective on this test case.
Your number of cycles for this file is 106.90% higher than number of cycles used by the reference.
Your cycles:	60
Ref cycles:	29
✅ /clear/courses/comp412/students/ILOC/contributed/2014/lab3/ews1.i passed!
🐌 You are less effective on this test case.
Your number of cycles for this file is 16.00% higher than number of cycles used by the reference.
Your cycles:	29
Ref cycles:	25
✅ /clear/courses/comp412/students/ILOC/contributed/2014/lab3/hl33.i passed!
✅ /clear/courses/comp412/students/ILOC/contributed/2014/lab3/imh1.i passed!
✅ /clear/courses/comp412/students/ILOC/contributed/2014/lab3/wsp1.i passed!
✅ /clear/courses/comp412/students/ILOC/contributed/2014/lab3/les6.i passed!
🐇 You are more effective on this test case.
Your number of cycles for this file is 6.67% lower than number of cycles used by the reference.
Your cycles:	14
Ref cycles:	15
✅ /clear/courses/comp412/students/ILOC/contributed/2014/lab3/icm2.i passed!
🐌 You are less effective on this test case.
Your number of cycles for this file is 27.59% higher than number of cycles used by the reference.
Your cycles:	37
Ref cycles:	29
✅ /clear/courses/comp412/students/ILOC/contributed/2014/lab3/sm80.i passed!
✅ /clear/courses/comp412/students/ILOC/contributed/2014/lab3/msp5.i passed!
🐌 You are less effective on this test case.
Your number of cycles for this file is 26.09% higher than number of cycles used by the reference.
Your cycles:	29
Ref cycles:	23
✅ /clear/courses/comp412/students/ILOC/contributed/2014/lab3/kwa2.i passed!
🐌 You are less effective on this test case.
Your number of cycles for this file is 131.86% higher than number of cycles used by the reference.
Your cycles:	262
Ref cycles:	113
✅ /clear/courses/comp412/students/ILOC/contributed/2014/lab3/sjl4.i passed!
✅ /clear/courses/comp412/students/ILOC/contributed/2014/lab3/jmg9.i passed!
🐌 You are less effective on this test case.
Your number of cycles for this file is 48.65% higher than number of cycles used by the reference.
Your cycles:	55
Ref cycles:	37
✅ /clear/courses/comp412/students/ILOC/contributed/2014/lab3/jjo1.i passed!
🐌 You are less effective on this test case.
Your number of cycles for this file is 76.00% higher than number of cycles used by the reference.
Your cycles:	88
Ref cycles:	50
✅ /clear/courses/comp412/students/ILOC/contributed/2014/lab3/fg10.i passed!
🐌 You are less effective on this test case.
Your number of cycles for this file is 93.06% higher than number of cycles used by the reference.
Your cycles:	139
Ref cycles:	72
✅ /clear/courses/comp412/students/ILOC/contributed/2014/lab3/xl43.i passed!
🐌 You are less effective on this test case.
Your number of cycles for this file is 16.36% higher than number of cycles used by the reference.
Your cycles:	64
Ref cycles:	55
✅ /clear/courses/comp412/students/ILOC/contributed/2014/lab3/jps12.i passed!
🐌 You are less effective on this test case.
Your number of cycles for this file is 190.48% higher than number of cycles used by the reference.
Your cycles:	61
Ref cycles:	21
✅ /clear/courses/comp412/students/ILOC/contributed/2014/lab3/jak6.i passed!
🐌 You are less effective on this test case.
Your number of cycles for this file is 158.62% higher than number of cycles used by the reference.
Your cycles:	75
Ref cycles:	29
✅ /clear/courses/comp412/students/ILOC/contributed/2014/lab3/cms14.i passed!
✅ /clear/courses/comp412/students/ILOC/contributed/2014/lab3/jdw7.i passed!
✅ /clear/courses/comp412/students/ILOC/contributed/2014/lab3/veb2.i passed!
🐇 You are more effective on this test case.
Your number of cycles for this file is 7.14% lower than number of cycles used by the reference.
Your cycles:	13
Ref cycles:	14
✅ /clear/courses/comp412/students/ILOC/contributed/2014/lab3/mcc10.i passed!
🐌 You are less effective on this test case.
Your number of cycles for this file is 12.70% higher than number of cycles used by the reference.
Your cycles:	71
Ref cycles:	63
✅ /clear/courses/comp412/students/ILOC/contributed/2014/lab3/jdc5.i passed!
🐌 You are less effective on this test case.
Your number of cycles for this file is 23.89% higher than number of cycles used by the reference.
Your cycles:	140
Ref cycles:	113
✅ /clear/courses/comp412/students/ILOC/contributed/2014/lab3/gel1.i passed!
🐌 You are less effective on this test case.
Your number of cycles for this file is 56.47% higher than number of cycles used by the reference.
Your cycles:	133
Ref cycles:	85
✅ /clear/courses/comp412/students/ILOC/contributed/2014/lab3/cz21.i passed!
✅ /clear/courses/comp412/students/ILOC/contributed/2014/lab3/cx5.i passed!
✅ /clear/courses/comp412/students/ILOC/contributed/2014/lab3/yn4.i passed!
🐌 You are less effective on this test case.
Your number of cycles for this file is 95.24% higher than number of cycles used by the reference.
Your cycles:	82
Ref cycles:	42
✅ /clear/courses/comp412/students/ILOC/contributed/2014/lab3/jmn8.3.i passed!
✅ /clear/courses/comp412/students/ILOC/contributed/2014/lab3/dtp3.i passed!
✅ /clear/courses/comp412/students/ILOC/contributed/2014/lab3/jmn8.4.i passed!
✅ /clear/courses/comp412/students/ILOC/contributed/2014/lab3/jmn8.1.i passed!
✅ /clear/courses/comp412/students/ILOC/contributed/2014/lab3/jfj2.avg.i passed!
🐌 You are less effective on this test case.
Your number of cycles for this file is 243.48% higher than number of cycles used by the reference.
Your cycles:	237
Ref cycles:	69
✅ /clear/courses/comp412/students/ILOC/contributed/2014/lab3/yx14.i passed!
🐌 You are less effective on this test case.
Your number of cycles for this file is 67.11% higher than number of cycles used by the reference.
Your cycles:	127
Ref cycles:	76
✅ /clear/courses/comp412/students/ILOC/contributed/2014/lab3/kag8.i passed!
✅ /clear/courses/comp412/students/ILOC/contributed/2014/lab3/gty1.i passed!
🐌 You are less effective on this test case.
Your number of cycles for this file is 133.33% higher than number of cycles used by the reference.
Your cycles:	42
Ref cycles:	18
✅ /clear/courses/comp412/students/ILOC/contributed/2014/lab3/eeb3.i passed!
✅ /clear/courses/comp412/students/ILOC/contributed/2014/lab3/yd9.i passed!
🐌 You are less effective on this test case.
Your number of cycles for this file is 105.71% higher than number of cycles used by the reference.
Your cycles:	144
Ref cycles:	70
✅ /clear/courses/comp412/students/ILOC/contributed/2015/lab2/yg31.i passed!
🐌 You are less effective on this test case.
Your number of cycles for this file is 61.29% higher than number of cycles used by the reference.
Your cycles:	200
Ref cycles:	124
✅ /clear/courses/comp412/students/ILOC/contributed/2015/lab2/pe4.i passed!
✅ /clear/courses/comp412/students/ILOC/contributed/2015/lab2/tl18.i passed!
🐌 You are less effective on this test case.
Your number of cycles for this file is 20.31% higher than number of cycles used by the reference.
Your cycles:	77
Ref cycles:	64
✅ /clear/courses/comp412/students/ILOC/contributed/2015/lab2/fdb1.i passed!
✅ /clear/courses/comp412/students/ILOC/contributed/2015/lab2/bx3.i passed!
🐌 You are less effective on this test case.
Your number of cycles for this file is 229.69% higher than number of cycles used by the reference.
Your cycles:	211
Ref cycles:	64
✅ /clear/courses/comp412/students/ILOC/contributed/2015/lab2/zkk1.i passed!
🐌 You are less effective on this test case.
Your number of cycles for this file is 51.78% higher than number of cycles used by the reference.
Your cycles:	299
Ref cycles:	197
✅ /clear/courses/comp412/students/ILOC/contributed/2015/lab2/yw27.i passed!
❌ /clear/courses/comp412/students/ILOC/contributed/2015/lab2/ehs2.i failed!
- Summary:
	Timed out! Your test took longer than 1s.
	This limit can be modified in runner.py
✅ /clear/courses/comp412/students/ILOC/contributed/2015/lab2/oky1.i passed!
🐌 You are less effective on this test case.
Your number of cycles for this file is 40.00% higher than number of cycles used by the reference.
Your cycles:	133
Ref cycles:	95
✅ /clear/courses/comp412/students/ILOC/contributed/2015/lab2/pq2.i passed!
🐌 You are less effective on this test case.
Your number of cycles for this file is 37.50% higher than number of cycles used by the reference.
Your cycles:	110
Ref cycles:	80
✅ /clear/courses/comp412/students/ILOC/contributed/2015/lab2/mas20.i passed!
🐌 You are less effective on this test case.
Your number of cycles for this file is 91.01% higher than number of cycles used by the reference.
Your cycles:	170
Ref cycles:	89
✅ /clear/courses/comp412/students/ILOC/contributed/2015/lab2/yd18.i passed!
🐌 You are less effective on this test case.
Your number of cycles for this file is 44.38% higher than number of cycles used by the reference.
Your cycles:	231
Ref cycles:	160
✅ /clear/courses/comp412/students/ILOC/contributed/2015/lab2/cav2.i passed!
🐌 You are less effective on this test case.
Your number of cycles for this file is 50.48% higher than number of cycles used by the reference.
Your cycles:	1097
Ref cycles:	729
✅ /clear/courses/comp412/students/ILOC/contributed/2015/lab2/tve1.i passed!
🐌 You are less effective on this test case.
Your number of cycles for this file is 29.41% higher than number of cycles used by the reference.
Your cycles:	22
Ref cycles:	17
✅ /clear/courses/comp412/students/ILOC/contributed/2015/lab2/gak2.i passed!
🐌 You are less effective on this test case.
Your number of cycles for this file is 156.52% higher than number of cycles used by the reference.
Your cycles:	118
Ref cycles:	46
✅ /clear/courses/comp412/students/ILOC/contributed/2015/lab2/ac86.i passed!
🐌 You are less effective on this test case.
Your number of cycles for this file is 19.35% higher than number of cycles used by the reference.
Your cycles:	37
Ref cycles:	31
✅ /clear/courses/comp412/students/ILOC/contributed/2015/lab2/jj26.i passed!
🐌 You are less effective on this test case.
Your number of cycles for this file is 140.82% higher than number of cycles used by the reference.
Your cycles:	118
Ref cycles:	49
✅ /clear/courses/comp412/students/ILOC/contributed/2015/lab2/asn2.i passed!
🐌 You are less effective on this test case.
Your number of cycles for this file is 17.39% higher than number of cycles used by the reference.
Your cycles:	81
Ref cycles:	69
✅ /clear/courses/comp412/students/ILOC/contributed/2015/lab2/mww4.i passed!
🐌 You are less effective on this test case.
Your number of cycles for this file is 77.42% higher than number of cycles used by the reference.
Your cycles:	110
Ref cycles:	62
✅ /clear/courses/comp412/students/ILOC/contributed/2015/lab2/xw32.i passed!
🐌 You are less effective on this test case.
Your number of cycles for this file is 81.08% higher than number of cycles used by the reference.
Your cycles:	134
Ref cycles:	74
✅ /clear/courses/comp412/students/ILOC/contributed/2015/lab2/yz56.i passed!
🐌 You are less effective on this test case.
Your number of cycles for this file is 198.81% higher than number of cycles used by the reference.
Your cycles:	251
Ref cycles:	84
✅ /clear/courses/comp412/students/ILOC/contributed/2015/lab2/fgd1.i passed!
✅ /clear/courses/comp412/students/ILOC/contributed/2015/lab2/am98.i passed!
🐌 You are less effective on this test case.
Your number of cycles for this file is 69.64% higher than number of cycles used by the reference.
Your cycles:	95
Ref cycles:	56
✅ /clear/courses/comp412/students/ILOC/contributed/2015/lab2/zc12.i passed!
🐌 You are less effective on this test case.
Your number of cycles for this file is 88.41% higher than number of cycles used by the reference.
Your cycles:	130
Ref cycles:	69
✅ /clear/courses/comp412/students/ILOC/contributed/2015/lab2/ptd3.i passed!
🐌 You are less effective on this test case.
Your number of cycles for this file is 52.00% higher than number of cycles used by the reference.
Your cycles:	152
Ref cycles:	100
✅ /clear/courses/comp412/students/ILOC/contributed/2015/lab2/dh15.i passed!
✅ /clear/courses/comp412/students/ILOC/contributed/2015/lab2/wl22.i passed!
🐌 You are less effective on this test case.
Your number of cycles for this file is 207.41% higher than number of cycles used by the reference.
Your cycles:	166
Ref cycles:	54
✅ /clear/courses/comp412/students/ILOC/contributed/2015/lab2/jnd2.i passed!
🐌 You are less effective on this test case.
Your number of cycles for this file is 108.97% higher than number of cycles used by the reference.
Your cycles:	326
Ref cycles:	156
✅ /clear/courses/comp412/students/ILOC/contributed/2015/lab2/kh25.i passed!
🐌 You are less effective on this test case.
Your number of cycles for this file is 28.85% higher than number of cycles used by the reference.
Your cycles:	67
Ref cycles:	52
✅ /clear/courses/comp412/students/ILOC/contributed/2015/lab2/med7.i passed!
🐌 You are less effective on this test case.
Your number of cycles for this file is 33.33% higher than number of cycles used by the reference.
Your cycles:	192
Ref cycles:	144
✅ /clear/courses/comp412/students/ILOC/contributed/2015/lab2/mmj4.i passed!
❌ /clear/courses/comp412/students/ILOC/contributed/2015/lab2/lh15.i failed!
🤨 Your solution took 0 cycles. Something weird is going on...
- Summary:
- Simulator input used:Nothing (None found in source file)
- Reference output:
[0]
- Your output:
[]
✅ /clear/courses/comp412/students/ILOC/contributed/2015/lab2/cl41.i passed!
🐌 You are less effective on this test case.
Your number of cycles for this file is 209.62% higher than number of cycles used by the reference.
Your cycles:	161
Ref cycles:	52
✅ /clear/courses/comp412/students/ILOC/contributed/2015/lab2/kws4.i passed!
🐌 You are less effective on this test case.
Your number of cycles for this file is 11.69% higher than number of cycles used by the reference.
Your cycles:	86
Ref cycles:	77
✅ /clear/courses/comp412/students/ILOC/contributed/2015/lab2/dw20.i passed!
🐌 You are less effective on this test case.
Your number of cycles for this file is 16.92% higher than number of cycles used by the reference.
Your cycles:	76
Ref cycles:	65
✅ /clear/courses/comp412/students/ILOC/contributed/2015/lab2/clf6.i passed!
🐌 You are less effective on this test case.
Your number of cycles for this file is 29.41% higher than number of cycles used by the reference.
Your cycles:	22
Ref cycles:	17
✅ /clear/courses/comp412/students/ILOC/contributed/2015/lab2/meh9.i passed!
🐌 You are less effective on this test case.
Your number of cycles for this file is 29.17% higher than number of cycles used by the reference.
Your cycles:	93
Ref cycles:	72
✅ /clear/courses/comp412/students/ILOC/contributed/2015/lab2/jml13.i passed!
🐌 You are less effective on this test case.
Your number of cycles for this file is 73.85% higher than number of cycles used by the reference.
Your cycles:	113
Ref cycles:	65
✅ /clear/courses/comp412/students/ILOC/contributed/2015/lab2/bsl3.i passed!
🐌 You are less effective on this test case.
Your number of cycles for this file is 161.54% higher than number of cycles used by the reference.
Your cycles:	68
Ref cycles:	26
✅ /clear/courses/comp412/students/ILOC/contributed/2015/lab2/pd22.i passed!
🐌 You are less effective on this test case.
Your number of cycles for this file is 50.00% higher than number of cycles used by the reference.
Your cycles:	114
Ref cycles:	76
✅ /clear/courses/comp412/students/ILOC/contributed/2015/lab2/pat2.i passed!
🐌 You are less effective on this test case.
Your number of cycles for this file is 73.15% higher than number of cycles used by the reference.
Your cycles:	2012
Ref cycles:	1162
✅ /clear/courses/comp412/students/ILOC/contributed/2015/lab2/arb11.i passed!
🐌 You are less effective on this test case.
Your number of cycles for this file is 69.64% higher than number of cycles used by the reference.
Your cycles:	95
Ref cycles:	56
✅ /clear/courses/comp412/students/ILOC/contributed/2015/lab2/jbk2.i passed!
🐌 You are less effective on this test case.
Your number of cycles for this file is 33.33% higher than number of cycles used by the reference.
Your cycles:	644
Ref cycles:	483
✅ /clear/courses/comp412/students/ILOC/contributed/2015/lab2/xal1.i passed!
🐌 You are less effective on this test case.
Your number of cycles for this file is 51.92% higher than number of cycles used by the reference.
Your cycles:	79
Ref cycles:	52
✅ /clear/courses/comp412/students/ILOC/contributed/2015/lab2/yk26.i passed!
🐌 You are less effective on this test case.
Your number of cycles for this file is 86.21% higher than number of cycles used by the reference.
Your cycles:	108
Ref cycles:	58
✅ /clear/courses/comp412/students/ILOC/contributed/2015/lab2/wsb1.i passed!
🐌 You are less effective on this test case.
Your number of cycles for this file is 202.94% higher than number of cycles used by the reference.
Your cycles:	103
Ref cycles:	34
✅ /clear/courses/comp412/students/ILOC/contributed/2015/lab2/hz30.i passed!
🐌 You are less effective on this test case.
Your number of cycles for this file is 96.67% higher than number of cycles used by the reference.
Your cycles:	118
Ref cycles:	60
✅ /clear/courses/comp412/students/ILOC/contributed/2015/lab2/wcr1.i passed!
✅ /clear/courses/comp412/students/ILOC/contributed/2015/lab2/ls53.i passed!
🐌 You are less effective on this test case.
Your number of cycles for this file is 102.99% higher than number of cycles used by the reference.
Your cycles:	136
Ref cycles:	67
✅ /clear/courses/comp412/students/ILOC/contributed/2015/lab2/yz75.i passed!
🐌 You are less effective on this test case.
Your number of cycles for this file is 49.25% higher than number of cycles used by the reference.
Your cycles:	100
Ref cycles:	67
✅ /clear/courses/comp412/students/ILOC/contributed/2015/lab2/njm3.i passed!
🐌 You are less effective on this test case.
Your number of cycles for this file is 17.71% higher than number of cycles used by the reference.
Your cycles:	113
Ref cycles:	96
✅ /clear/courses/comp412/students/ILOC/contributed/2015/lab2/jfk2.i passed!
🐌 You are less effective on this test case.
Your number of cycles for this file is 91.04% higher than number of cycles used by the reference.
Your cycles:	128
Ref cycles:	67
✅ /clear/courses/comp412/students/ILOC/contributed/2015/lab2/xc12.i passed!
🐌 You are less effective on this test case.
Your number of cycles for this file is 200.00% higher than number of cycles used by the reference.
Your cycles:	150
Ref cycles:	50
✅ /clear/courses/comp412/students/ILOC/contributed/2015/lab2/ish1.i passed!
🐌 You are less effective on this test case.
Your number of cycles for this file is 222.22% higher than number of cycles used by the reference.
Your cycles:	145
Ref cycles:	45
✅ /clear/courses/comp412/students/ILOC/contributed/2015/lab2/kl33.i passed!
✅ /clear/courses/comp412/students/ILOC/contributed/2015/lab2/skn2.i passed!
🐌 You are less effective on this test case.
Your number of cycles for this file is 15.81% higher than number of cycles used by the reference.
Your cycles:	2813
Ref cycles:	2429
✅ /clear/courses/comp412/students/ILOC/contributed/2015/lab2/lss4.i passed!
🐌 You are less effective on this test case.
Your number of cycles for this file is 94.37% higher than number of cycles used by the reference.
Your cycles:	138
Ref cycles:	71
✅ /clear/courses/comp412/students/ILOC/contributed/2015/lab3/yg31.i passed!
🐌 You are less effective on this test case.
Your number of cycles for this file is 28.40% higher than number of cycles used by the reference.
Your cycles:	217
Ref cycles:	169
✅ /clear/courses/comp412/students/ILOC/contributed/2015/lab3/pe4.i passed!
🐌 You are less effective on this test case.
Your number of cycles for this file is 46.67% higher than number of cycles used by the reference.
Your cycles:	22
Ref cycles:	15
✅ /clear/courses/comp412/students/ILOC/contributed/2015/lab3/tl18.i passed!
🐌 You are less effective on this test case.
Your number of cycles for this file is 26.67% higher than number of cycles used by the reference.
Your cycles:	95
Ref cycles:	75
✅ /clear/courses/comp412/students/ILOC/contributed/2015/lab3/bx3.i passed!
🐌 You are less effective on this test case.
Your number of cycles for this file is 59.26% higher than number of cycles used by the reference.
Your cycles:	43
Ref cycles:	27
✅ /clear/courses/comp412/students/ILOC/contributed/2015/lab3/zkk1.i passed!
✅ /clear/courses/comp412/students/ILOC/contributed/2015/lab3/yw27.i passed!
🐌 You are less effective on this test case.
Your number of cycles for this file is 33.33% higher than number of cycles used by the reference.
Your cycles:	48
Ref cycles:	36
✅ /clear/courses/comp412/students/ILOC/contributed/2015/lab3/ehs2.i passed!
✅ /clear/courses/comp412/students/ILOC/contributed/2015/lab3/oky1.i passed!
🐌 You are less effective on this test case.
Your number of cycles for this file is 38.61% higher than number of cycles used by the reference.
Your cycles:	140
Ref cycles:	101
✅ /clear/courses/comp412/students/ILOC/contributed/2015/lab3/mas20.i passed!
🐌 You are less effective on this test case.
Your number of cycles for this file is 18.52% higher than number of cycles used by the reference.
Your cycles:	32
Ref cycles:	27
✅ /clear/courses/comp412/students/ILOC/contributed/2015/lab3/yd18.i passed!
🐌 You are less effective on this test case.
Your number of cycles for this file is 114.08% higher than number of cycles used by the reference.
Your cycles:	152
Ref cycles:	71
✅ /clear/courses/comp412/students/ILOC/contributed/2015/lab3/cav2.i passed!
🐌 You are less effective on this test case.
Your number of cycles for this file is 11.49% higher than number of cycles used by the reference.
Your cycles:	97
Ref cycles:	87
✅ /clear/courses/comp412/students/ILOC/contributed/2015/lab3/tve1.i passed!
✅ /clear/courses/comp412/students/ILOC/contributed/2015/lab3/gak2.i passed!
🐌 You are less effective on this test case.
Your number of cycles for this file is 102.08% higher than number of cycles used by the reference.
Your cycles:	97
Ref cycles:	48
✅ /clear/courses/comp412/students/ILOC/contributed/2015/lab3/ac86.i passed!
🐌 You are less effective on this test case.
Your number of cycles for this file is 50.00% higher than number of cycles used by the reference.
Your cycles:	24
Ref cycles:	16
✅ /clear/courses/comp412/students/ILOC/contributed/2015/lab3/jj26.i passed!
✅ /clear/courses/comp412/students/ILOC/contributed/2015/lab3/asn2.i passed!
🐌 You are less effective on this test case.
Your number of cycles for this file is 15.79% higher than number of cycles used by the reference.
Your cycles:	44
Ref cycles:	38
✅ /clear/courses/comp412/students/ILOC/contributed/2015/lab3/mww4.i passed!
✅ /clear/courses/comp412/students/ILOC/contributed/2015/lab3/xw32.i passed!
🐌 You are less effective on this test case.
Your number of cycles for this file is 50.00% higher than number of cycles used by the reference.
Your cycles:	36
Ref cycles:	24
✅ /clear/courses/comp412/students/ILOC/contributed/2015/lab3/yz56.i passed!
🐇 You are more effective on this test case.
Your number of cycles for this file is 3.12% lower than number of cycles used by the reference.
Your cycles:	31
Ref cycles:	32
✅ /clear/courses/comp412/students/ILOC/contributed/2015/lab3/fgd1.i passed!
🐌 You are less effective on this test case.
Your number of cycles for this file is 48.44% higher than number of cycles used by the reference.
Your cycles:	95
Ref cycles:	64
✅ /clear/courses/comp412/students/ILOC/contributed/2015/lab3/am98.i passed!
✅ /clear/courses/comp412/students/ILOC/contributed/2015/lab3/zc12.i passed!
🐌 You are less effective on this test case.
Your number of cycles for this file is 254.29% higher than number of cycles used by the reference.
Your cycles:	124
Ref cycles:	35
✅ /clear/courses/comp412/students/ILOC/contributed/2015/lab3/ptd3.i passed!
🐌 You are less effective on this test case.
Your number of cycles for this file is 25.71% higher than number of cycles used by the reference.
Your cycles:	44
Ref cycles:	35
✅ /clear/courses/comp412/students/ILOC/contributed/2015/lab3/dh15.i passed!
🐌 You are less effective on this test case.
Your number of cycles for this file is 13.64% higher than number of cycles used by the reference.
Your cycles:	25
Ref cycles:	22
✅ /clear/courses/comp412/students/ILOC/contributed/2015/lab3/wl22.i passed!
🐌 You are less effective on this test case.
Your number of cycles for this file is 60.78% higher than number of cycles used by the reference.
Your cycles:	82
Ref cycles:	51
✅ /clear/courses/comp412/students/ILOC/contributed/2015/lab3/jnd2.i passed!
✅ /clear/courses/comp412/students/ILOC/contributed/2015/lab3/kh25.i passed!
🐌 You are less effective on this test case.
Your number of cycles for this file is 31.17% higher than number of cycles used by the reference.
Your cycles:	101
Ref cycles:	77
✅ /clear/courses/comp412/students/ILOC/contributed/2015/lab3/med7.i passed!
🐇 You are more effective on this test case.
Your number of cycles for this file is 3.92% lower than number of cycles used by the reference.
Your cycles:	49
Ref cycles:	51
✅ /clear/courses/comp412/students/ILOC/contributed/2015/lab3/lh15.i passed!
✅ /clear/courses/comp412/students/ILOC/contributed/2015/lab3/kws4.i passed!
🐌 You are less effective on this test case.
Your number of cycles for this file is 132.00% higher than number of cycles used by the reference.
Your cycles:	58
Ref cycles:	25
✅ /clear/courses/comp412/students/ILOC/contributed/2015/lab3/clf6.i passed!
🐇 You are more effective on this test case.
Your number of cycles for this file is 4.76% lower than number of cycles used by the reference.
Your cycles:	20
Ref cycles:	21
✅ /clear/courses/comp412/students/ILOC/contributed/2015/lab3/meh9.i passed!
✅ /clear/courses/comp412/students/ILOC/contributed/2015/lab3/jml13.i passed!
🐌 You are less effective on this test case.
Your number of cycles for this file is 78.18% higher than number of cycles used by the reference.
Your cycles:	98
Ref cycles:	55
✅ /clear/courses/comp412/students/ILOC/contributed/2015/lab3/bsl3.i passed!
🐌 You are less effective on this test case.
Your number of cycles for this file is 148.21% higher than number of cycles used by the reference.
Your cycles:	139
Ref cycles:	56
✅ /clear/courses/comp412/students/ILOC/contributed/2015/lab3/pd22.i passed!
🐌 You are less effective on this test case.
Your number of cycles for this file is 10.53% higher than number of cycles used by the reference.
Your cycles:	21
Ref cycles:	19
✅ /clear/courses/comp412/students/ILOC/contributed/2015/lab3/pat2.i passed!
🐌 You are less effective on this test case.
Your number of cycles for this file is 22.22% higher than number of cycles used by the reference.
Your cycles:	33
Ref cycles:	27
✅ /clear/courses/comp412/students/ILOC/contributed/2015/lab3/arb11.i passed!
🐌 You are less effective on this test case.
Your number of cycles for this file is 16.67% higher than number of cycles used by the reference.
Your cycles:	63
Ref cycles:	54
❌ /clear/courses/comp412/students/ILOC/contributed/2015/lab3/jbk2.i failed!
🤨 Your solution took 0 cycles. Something weird is going on...
- Summary:
- Simulator input used:Nothing (None found in source file)
- Reference output:
[1, 1, 2, 5, 14, 42, 132, 429, 1430, 4862, 16796, 58786, 208012, 742900, 2674440, 9694845, 35357670, 129644790, 477638700, 1767263190]
- Your output:
[]
✅ /clear/courses/comp412/students/ILOC/contributed/2015/lab3/xal1.i passed!
🐇 You are more effective on this test case.
Your number of cycles for this file is 11.76% lower than number of cycles used by the reference.
Your cycles:	15
Ref cycles:	17
✅ /clear/courses/comp412/students/ILOC/contributed/2015/lab3/wsb1.i passed!
✅ /clear/courses/comp412/students/ILOC/contributed/2015/lab3/hz30.i passed!
🐌 You are less effective on this test case.
Your number of cycles for this file is 60.00% higher than number of cycles used by the reference.
Your cycles:	72
Ref cycles:	45
✅ /clear/courses/comp412/students/ILOC/contributed/2015/lab3/wcr1.i passed!
✅ /clear/courses/comp412/students/ILOC/contributed/2015/lab3/yz75.i passed!
🐌 You are less effective on this test case.
Your number of cycles for this file is 91.18% higher than number of cycles used by the reference.
Your cycles:	65
Ref cycles:	34
✅ /clear/courses/comp412/students/ILOC/contributed/2015/lab3/njm3.i passed!
🐌 You are less effective on this test case.
Your number of cycles for this file is 20.38% higher than number of cycles used by the reference.
Your cycles:	313
Ref cycles:	260
✅ /clear/courses/comp412/students/ILOC/contributed/2015/lab3/xc12.i passed!
✅ /clear/courses/comp412/students/ILOC/contributed/2015/lab3/ish1.i passed!
🐌 You are less effective on this test case.
Your number of cycles for this file is 48.31% higher than number of cycles used by the reference.
Your cycles:	132
Ref cycles:	89
✅ /clear/courses/comp412/students/ILOC/contributed/2015/lab3/kl33.i passed!
✅ /clear/courses/comp412/students/ILOC/contributed/2015/lab3/skn2.i passed!
🐌 You are less effective on this test case.
Your number of cycles for this file is 21.05% higher than number of cycles used by the reference.
Your cycles:	69
Ref cycles:	57
✅ /clear/courses/comp412/students/ILOC/contributed/2015/lab3/ktr2.i passed!
🐌 You are less effective on this test case.
Your number of cycles for this file is 38.46% higher than number of cycles used by the reference.
Your cycles:	18
Ref cycles:	13
✅ /clear/courses/comp412/students/ILOC/contributed/2015/lab3/lss4.i passed!
🐌 You are less effective on this test case.
Your number of cycles for this file is 168.75% higher than number of cycles used by the reference.
Your cycles:	86
Ref cycles:	32
----------------------------------------------------------------------
Your aggregrate number of cycles is 45.54% higher than the aggregate number of cycles used by lab2_ref.
Your number of cycles is on average 34.35% higher than the number of cycles used by lab2_ref.

🙃 You passed 519/522 tests.
Run tests with register: 7
Running 522 tests...
✅ /clear/courses/comp412/students/ILOC/blocks/lab2/block7.i passed!
🐌 You are less effective on this test case.
Your number of cycles for this file is 14.10% higher than number of cycles used by the reference.
Your cycles:	89
Ref cycles:	78
✅ /clear/courses/comp412/students/ILOC/blocks/lab2/block12.i passed!
🐌 You are less effective on this test case.
Your number of cycles for this file is 52.42% higher than number of cycles used by the reference.
Your cycles:	189
Ref cycles:	124
✅ /clear/courses/comp412/students/ILOC/blocks/lab2/block9.i passed!
✅ /clear/courses/comp412/students/ILOC/blocks/lab2/block8.i passed!
✅ /clear/courses/comp412/students/ILOC/blocks/lab2/block6.i passed!
✅ /clear/courses/comp412/students/ILOC/blocks/lab2/block11.i passed!
✅ /clear/courses/comp412/students/ILOC/blocks/lab2/block5.i passed!
✅ /clear/courses/comp412/students/ILOC/blocks/lab2/block4.i passed!
✅ /clear/courses/comp412/students/ILOC/blocks/lab2/block3.i passed!
✅ /clear/courses/comp412/students/ILOC/blocks/lab2/block2.i passed!
🐌 You are less effective on this test case.
Your number of cycles for this file is 27.69% higher than number of cycles used by the reference.
Your cycles:	83
Ref cycles:	65
✅ /clear/courses/comp412/students/ILOC/blocks/lab2/block10.i passed!
✅ /clear/courses/comp412/students/ILOC/blocks/lab2/block1.i passed!
✅ /clear/courses/comp412/students/ILOC/contributed/2012/lab3/unrelated_stores.i passed!
🐌 You are less effective on this test case.
Your number of cycles for this file is 62.50% higher than number of cycles used by the reference.
Your cycles:	52
Ref cycles:	32
✅ /clear/courses/comp412/students/ILOC/contributed/2012/lab3/TestTiebreaking.i passed!
🐌 You are less effective on this test case.
Your number of cycles for this file is 10.81% higher than number of cycles used by the reference.
Your cycles:	41
Ref cycles:	37
✅ /clear/courses/comp412/students/ILOC/contributed/2012/lab3/smith-4.i passed!
✅ /clear/courses/comp412/students/ILOC/contributed/2012/lab3/witt-2.i passed!
✅ /clear/courses/comp412/students/ILOC/contributed/2012/lab3/yanxinlu.i passed!
✅ /clear/courses/comp412/students/ILOC/contributed/2012/lab3/witt-3.i passed!
✅ /clear/courses/comp412/students/ILOC/contributed/2012/lab3/smith-3.i passed!
✅ /clear/courses/comp412/students/ILOC/contributed/2012/lab3/smith-2.i passed!
✅ /clear/courses/comp412/students/ILOC/contributed/2012/lab3/prasad.i passed!
🐇 You are more effective on this test case.
Your number of cycles for this file is 8.70% lower than number of cycles used by the reference.
Your cycles:	21
Ref cycles:	23
✅ /clear/courses/comp412/students/ILOC/contributed/2012/lab3/simple.i passed!
✅ /clear/courses/comp412/students/ILOC/contributed/2012/lab3/simple_alternating.i passed!
🐌 You are less effective on this test case.
Your number of cycles for this file is 35.00% higher than number of cycles used by the reference.
Your cycles:	27
Ref cycles:	20
✅ /clear/courses/comp412/students/ILOC/contributed/2012/lab3/trickystores.i passed!
✅ /clear/courses/comp412/students/ILOC/contributed/2012/lab3/jwc.i passed!
🐌 You are less effective on this test case.
Your number of cycles for this file is 10.53% higher than number of cycles used by the reference.
Your cycles:	21
Ref cycles:	19
✅ /clear/courses/comp412/students/ILOC/contributed/2012/lab3/smith-1.i passed!
🐌 You are less effective on this test case.
Your number of cycles for this file is 20.00% higher than number of cycles used by the reference.
Your cycles:	12
Ref cycles:	10
✅ /clear/courses/comp412/students/ILOC/contributed/2012/lab3/witt-1.i passed!
✅ /clear/courses/comp412/students/ILOC/contributed/2013/lab2/s31_test4.i passed!
✅ /clear/courses/comp412/students/ILOC/contributed/2013/lab2/s61_test2.i passed!
🐌 You are less effective on this test case.
Your number of cycles for this file is 43.75% higher than number of cycles used by the reference.
Your cycles:	23
Ref cycles:	16
✅ /clear/courses/comp412/students/ILOC/contributed/2013/lab2/s53_test1.i passed!
✅ /clear/courses/comp412/students/ILOC/contributed/2013/lab2/s30_test4.i passed!
🐌 You are less effective on this test case.
Your number of cycles for this file is 23.91% higher than number of cycles used by the reference.
Your cycles:	57
Ref cycles:	46
✅ /clear/courses/comp412/students/ILOC/contributed/2013/lab2/s30_test3.i passed!
🐌 You are less effective on this test case.
Your number of cycles for this file is 23.81% higher than number of cycles used by the reference.
Your cycles:	26
Ref cycles:	21
✅ /clear/courses/comp412/students/ILOC/contributed/2013/lab2/s28_test2.i passed!
✅ /clear/courses/comp412/students/ILOC/contributed/2013/lab2/s50_test1.i passed!
✅ /clear/courses/comp412/students/ILOC/contributed/2013/lab2/s40_test1.i passed!
🐌 You are less effective on this test case.
Your number of cycles for this file is 26.09% higher than number of cycles used by the reference.
Your cycles:	29
Ref cycles:	23
✅ /clear/courses/comp412/students/ILOC/contributed/2013/lab2/s32_test2.i passed!
✅ /clear/courses/comp412/students/ILOC/contributed/2013/lab2/s16_test1.i passed!
✅ /clear/courses/comp412/students/ILOC/contributed/2013/lab2/s51_test2.i passed!
✅ /clear/courses/comp412/students/ILOC/contributed/2013/lab2/s52_test1.i passed!
🐌 You are less effective on this test case.
Your number of cycles for this file is 15.38% higher than number of cycles used by the reference.
Your cycles:	15
Ref cycles:	13
✅ /clear/courses/comp412/students/ILOC/contributed/2013/lab2/s26_integersum.i passed!
🐌 You are less effective on this test case.
Your number of cycles for this file is 184.62% higher than number of cycles used by the reference.
Your cycles:	148
Ref cycles:	52
✅ /clear/courses/comp412/students/ILOC/contributed/2013/lab2/s23_test_lshift2.i passed!
✅ /clear/courses/comp412/students/ILOC/contributed/2013/lab2/s13_block2.i passed!
✅ /clear/courses/comp412/students/ILOC/contributed/2013/lab2/s26_fibonacci.i passed!
🐌 You are less effective on this test case.
Your number of cycles for this file is 10.00% higher than number of cycles used by the reference.
Your cycles:	66
Ref cycles:	60
✅ /clear/courses/comp412/students/ILOC/contributed/2013/lab2/s32_test3.i passed!
✅ /clear/courses/comp412/students/ILOC/contributed/2013/lab2/s41_test1.i passed!
✅ /clear/courses/comp412/students/ILOC/contributed/2013/lab2/s15_block2.i passed!
🐌 You are less effective on this test case.
Your number of cycles for this file is 35.38% higher than number of cycles used by the reference.
Your cycles:	88
Ref cycles:	65
✅ /clear/courses/comp412/students/ILOC/contributed/2013/lab2/s24_test3.i passed!
✅ /clear/courses/comp412/students/ILOC/contributed/2013/lab2/s51_test3.i passed!
🐌 You are less effective on this test case.
Your number of cycles for this file is 11.43% higher than number of cycles used by the reference.
Your cycles:	39
Ref cycles:	35
✅ /clear/courses/comp412/students/ILOC/contributed/2013/lab2/s40_test4.i passed!
✅ /clear/courses/comp412/students/ILOC/contributed/2013/lab2/s43_block1.i passed!
✅ /clear/courses/comp412/students/ILOC/contributed/2013/lab2/s57_test3.i passed!
✅ /clear/courses/comp412/students/ILOC/contributed/2013/lab2/s25_test1.i passed!
✅ /clear/courses/comp412/students/ILOC/contributed/2013/lab2/s44_block3.i passed!
🐌 You are less effective on this test case.
Your number of cycles for this file is 46.15% higher than number of cycles used by the reference.
Your cycles:	19
Ref cycles:	13
✅ /clear/courses/comp412/students/ILOC/contributed/2013/lab2/s61_test3.i passed!
✅ /clear/courses/comp412/students/ILOC/contributed/2013/lab2/s31_test2.i passed!
✅ /clear/courses/comp412/students/ILOC/contributed/2013/lab2/s03_test3.i passed!
✅ /clear/courses/comp412/students/ILOC/contributed/2013/lab2/s19_test2.i passed!
✅ /clear/courses/comp412/students/ILOC/contributed/2013/lab2/s33_test2.i passed!
✅ /clear/courses/comp412/students/ILOC/contributed/2013/lab2/s23_test_mult3.i passed!
✅ /clear/courses/comp412/students/ILOC/contributed/2013/lab2/s40_test3.i passed!
✅ /clear/courses/comp412/students/ILOC/contributed/2013/lab2/s53_test4.i passed!
✅ /clear/courses/comp412/students/ILOC/contributed/2013/lab2/s27_test1.i passed!
🐇 You are more effective on this test case.
Your number of cycles for this file is 7.14% lower than number of cycles used by the reference.
Your cycles:	26
Ref cycles:	28
✅ /clear/courses/comp412/students/ILOC/contributed/2013/lab2/s33_test3.i passed!
✅ /clear/courses/comp412/students/ILOC/contributed/2013/lab2/s61_test1.i passed!
🐌 You are less effective on this test case.
Your number of cycles for this file is 28.12% higher than number of cycles used by the reference.
Your cycles:	41
Ref cycles:	32
✅ /clear/courses/comp412/students/ILOC/contributed/2013/lab2/s32_test1.i passed!
🐌 You are less effective on this test case.
Your number of cycles for this file is 33.33% higher than number of cycles used by the reference.
Your cycles:	12
Ref cycles:	9
✅ /clear/courses/comp412/students/ILOC/contributed/2013/lab2/s43_block3.i passed!
✅ /clear/courses/comp412/students/ILOC/contributed/2013/lab2/s23_test_sub5.i passed!
✅ /clear/courses/comp412/students/ILOC/contributed/2013/lab2/s55_test4.i passed!
✅ /clear/courses/comp412/students/ILOC/contributed/2013/lab2/s30_test1.i passed!
✅ /clear/courses/comp412/students/ILOC/contributed/2013/lab2/s24_test4.i passed!
✅ /clear/courses/comp412/students/ILOC/contributed/2013/lab2/s18_test2.i passed!
✅ /clear/courses/comp412/students/ILOC/contributed/2013/lab2/s13_block6.i passed!
✅ /clear/courses/comp412/students/ILOC/contributed/2013/lab2/s15_block1.i passed!
🐌 You are less effective on this test case.
Your number of cycles for this file is 10.53% higher than number of cycles used by the reference.
Your cycles:	21
Ref cycles:	19
✅ /clear/courses/comp412/students/ILOC/contributed/2013/lab2/s38_letters.i passed!
🐌 You are less effective on this test case.
Your number of cycles for this file is 38.71% higher than number of cycles used by the reference.
Your cycles:	43
Ref cycles:	31
✅ /clear/courses/comp412/students/ILOC/contributed/2013/lab2/s17_test1.i passed!
✅ /clear/courses/comp412/students/ILOC/contributed/2013/lab2/s55_test3.i passed!
✅ /clear/courses/comp412/students/ILOC/contributed/2013/lab2/s12_testblock4.i passed!
✅ /clear/courses/comp412/students/ILOC/contributed/2013/lab2/s09_test3.i passed!
✅ /clear/courses/comp412/students/ILOC/contributed/2013/lab2/s56_test3.i passed!
✅ /clear/courses/comp412/students/ILOC/contributed/2013/lab2/s26_sum.i passed!
✅ /clear/courses/comp412/students/ILOC/contributed/2013/lab2/s16_test3.i passed!
✅ /clear/courses/comp412/students/ILOC/contributed/2013/lab2/s05_reverse.i passed!
🐌 You are less effective on this test case.
Your number of cycles for this file is 71.74% higher than number of cycles used by the reference.
Your cycles:	79
Ref cycles:	46
✅ /clear/courses/comp412/students/ILOC/contributed/2013/lab2/s17_test2.i passed!
✅ /clear/courses/comp412/students/ILOC/contributed/2013/lab2/s16_test0.i passed!
✅ /clear/courses/comp412/students/ILOC/contributed/2013/lab2/s09_test1.i passed!
✅ /clear/courses/comp412/students/ILOC/contributed/2013/lab2/s14_test2.i passed!
✅ /clear/courses/comp412/students/ILOC/contributed/2013/lab2/s08_test3.i passed!
✅ /clear/courses/comp412/students/ILOC/contributed/2013/lab2/s16_test2.i passed!
✅ /clear/courses/comp412/students/ILOC/contributed/2013/lab2/s18_test3.i passed!
🐌 You are less effective on this test case.
Your number of cycles for this file is 60.00% higher than number of cycles used by the reference.
Your cycles:	48
Ref cycles:	30
✅ /clear/courses/comp412/students/ILOC/contributed/2013/lab2/s63_test1.i passed!
✅ /clear/courses/comp412/students/ILOC/contributed/2013/lab2/s33_test4.i passed!
✅ /clear/courses/comp412/students/ILOC/contributed/2013/lab2/s05_factorial.i passed!
✅ /clear/courses/comp412/students/ILOC/contributed/2013/lab2/s57_test2.i passed!
✅ /clear/courses/comp412/students/ILOC/contributed/2013/lab2/s23_test_add1.i passed!
✅ /clear/courses/comp412/students/ILOC/contributed/2013/lab2/s12_testblock1.i passed!
✅ /clear/courses/comp412/students/ILOC/contributed/2013/lab2/s29_test3.i passed!
✅ /clear/courses/comp412/students/ILOC/contributed/2013/lab2/s52_test2.i passed!
✅ /clear/courses/comp412/students/ILOC/contributed/2013/lab2/s11_test3.i passed!
🐌 You are less effective on this test case.
Your number of cycles for this file is 55.81% higher than number of cycles used by the reference.
Your cycles:	67
Ref cycles:	43
✅ /clear/courses/comp412/students/ILOC/contributed/2013/lab2/s45_block3.i passed!
✅ /clear/courses/comp412/students/ILOC/contributed/2013/lab2/s43_block2.i passed!
✅ /clear/courses/comp412/students/ILOC/contributed/2013/lab2/s21_largeRegTest.i passed!
🐌 You are less effective on this test case.
Your number of cycles for this file is 712.50% higher than number of cycles used by the reference.
Your cycles:	65
Ref cycles:	8
✅ /clear/courses/comp412/students/ILOC/contributed/2013/lab2/s21_block1ZeroTest.i passed!
✅ /clear/courses/comp412/students/ILOC/contributed/2013/lab2/s40_test2.i passed!
✅ /clear/courses/comp412/students/ILOC/contributed/2013/lab2/s32_test4.i passed!
✅ /clear/courses/comp412/students/ILOC/contributed/2013/lab2/s38_squares.i passed!
✅ /clear/courses/comp412/students/ILOC/contributed/2013/lab2/s35_block3.i passed!
🐌 You are less effective on this test case.
Your number of cycles for this file is 33.33% higher than number of cycles used by the reference.
Your cycles:	8
Ref cycles:	6
✅ /clear/courses/comp412/students/ILOC/contributed/2013/lab2/s42_test1.i passed!
🐌 You are less effective on this test case.
Your number of cycles for this file is 27.69% higher than number of cycles used by the reference.
Your cycles:	83
Ref cycles:	65
✅ /clear/courses/comp412/students/ILOC/contributed/2013/lab2/s28_test1.i passed!
✅ /clear/courses/comp412/students/ILOC/contributed/2013/lab2/s29_test2.i passed!
✅ /clear/courses/comp412/students/ILOC/contributed/2013/lab2/s24_test1.i passed!
✅ /clear/courses/comp412/students/ILOC/contributed/2013/lab2/s13_block5.i passed!
✅ /clear/courses/comp412/students/ILOC/contributed/2013/lab2/s11_test6.i passed!
✅ /clear/courses/comp412/students/ILOC/contributed/2013/lab2/s33_test1.i passed!
✅ /clear/courses/comp412/students/ILOC/contributed/2013/lab2/s09_test2.i passed!
✅ /clear/courses/comp412/students/ILOC/contributed/2013/lab2/s41_test3.i passed!
✅ /clear/courses/comp412/students/ILOC/contributed/2013/lab2/s63_test3.i passed!
🐌 You are less effective on this test case.
Your number of cycles for this file is 25.00% higher than number of cycles used by the reference.
Your cycles:	30
Ref cycles:	24
✅ /clear/courses/comp412/students/ILOC/contributed/2013/lab2/s19_test1.i passed!
✅ /clear/courses/comp412/students/ILOC/contributed/2013/lab2/s52_test3.i passed!
🐌 You are less effective on this test case.
Your number of cycles for this file is 20.00% higher than number of cycles used by the reference.
Your cycles:	12
Ref cycles:	10
✅ /clear/courses/comp412/students/ILOC/contributed/2013/lab2/s01_block1.i passed!
✅ /clear/courses/comp412/students/ILOC/contributed/2013/lab2/s20_test4.i passed!
✅ /clear/courses/comp412/students/ILOC/contributed/2013/lab2/s03_test1.i passed!
✅ /clear/courses/comp412/students/ILOC/contributed/2013/lab2/s56_test4.i passed!
✅ /clear/courses/comp412/students/ILOC/contributed/2013/lab2/s22_test_block3.i passed!
🐌 You are less effective on this test case.
Your number of cycles for this file is 14.29% higher than number of cycles used by the reference.
Your cycles:	40
Ref cycles:	35
✅ /clear/courses/comp412/students/ILOC/contributed/2013/lab2/s25_test2.i passed!
✅ /clear/courses/comp412/students/ILOC/contributed/2013/lab2/s11_test4.i passed!
✅ /clear/courses/comp412/students/ILOC/contributed/2013/lab2/s20_test2.i passed!
✅ /clear/courses/comp412/students/ILOC/contributed/2013/lab2/s61_test4.i passed!
🐇 You are more effective on this test case.
Your number of cycles for this file is 7.69% lower than number of cycles used by the reference.
Your cycles:	12
Ref cycles:	13
✅ /clear/courses/comp412/students/ILOC/contributed/2013/lab2/s01_block3.i passed!
✅ /clear/courses/comp412/students/ILOC/contributed/2013/lab2/s20_test1.i passed!
✅ /clear/courses/comp412/students/ILOC/contributed/2013/lab2/s45_block2.i passed!
🐌 You are less effective on this test case.
Your number of cycles for this file is 50.00% higher than number of cycles used by the reference.
Your cycles:	66
Ref cycles:	44
✅ /clear/courses/comp412/students/ILOC/contributed/2013/lab2/s22_test_block4.i passed!
🐌 You are less effective on this test case.
Your number of cycles for this file is 15.79% higher than number of cycles used by the reference.
Your cycles:	44
Ref cycles:	38
✅ /clear/courses/comp412/students/ILOC/contributed/2013/lab2/s14_test1.i passed!
✅ /clear/courses/comp412/students/ILOC/contributed/2013/lab2/s12_testblock2.i passed!
✅ /clear/courses/comp412/students/ILOC/contributed/2013/lab2/s43_block4.i passed!
✅ /clear/courses/comp412/students/ILOC/contributed/2013/lab2/s38_round.i passed!
🐌 You are less effective on this test case.
Your number of cycles for this file is 15.38% higher than number of cycles used by the reference.
Your cycles:	60
Ref cycles:	52
✅ /clear/courses/comp412/students/ILOC/contributed/2013/lab2/s24_test2.i passed!
✅ /clear/courses/comp412/students/ILOC/contributed/2013/lab2/s22_test_block1.i passed!
🐌 You are less effective on this test case.
Your number of cycles for this file is 10.81% higher than number of cycles used by the reference.
Your cycles:	41
Ref cycles:	37
✅ /clear/courses/comp412/students/ILOC/contributed/2013/lab2/s63_test2.i passed!
✅ /clear/courses/comp412/students/ILOC/contributed/2013/lab2/s58_test3.i passed!
✅ /clear/courses/comp412/students/ILOC/contributed/2013/lab2/s04_test3.i passed!
✅ /clear/courses/comp412/students/ILOC/contributed/2013/lab2/s27_test3.i passed!
✅ /clear/courses/comp412/students/ILOC/contributed/2013/lab2/s17_test4.i passed!
✅ /clear/courses/comp412/students/ILOC/contributed/2013/lab2/s12_testblock3.i passed!
✅ /clear/courses/comp412/students/ILOC/contributed/2013/lab2/s34_test1.i passed!
🐌 You are less effective on this test case.
Your number of cycles for this file is 52.42% higher than number of cycles used by the reference.
Your cycles:	189
Ref cycles:	124
✅ /clear/courses/comp412/students/ILOC/contributed/2013/lab2/s36_test4.i passed!
🐌 You are less effective on this test case.
Your number of cycles for this file is 109.38% higher than number of cycles used by the reference.
Your cycles:	536
Ref cycles:	256
✅ /clear/courses/comp412/students/ILOC/contributed/2013/lab2/s11_test7.i passed!
✅ /clear/courses/comp412/students/ILOC/contributed/2013/lab2/s34_test5.i passed!
✅ /clear/courses/comp412/students/ILOC/contributed/2013/lab2/s10_test4.i passed!
🐌 You are less effective on this test case.
Your number of cycles for this file is 261.07% higher than number of cycles used by the reference.
Your cycles:	473
Ref cycles:	131
✅ /clear/courses/comp412/students/ILOC/contributed/2013/lab2/s46_test2.i passed!
✅ /clear/courses/comp412/students/ILOC/contributed/2013/lab2/s04_test4.i passed!
✅ /clear/courses/comp412/students/ILOC/contributed/2013/lab2/s28_test3.i passed!
🐌 You are less effective on this test case.
Your number of cycles for this file is 28.12% higher than number of cycles used by the reference.
Your cycles:	82
Ref cycles:	64
✅ /clear/courses/comp412/students/ILOC/contributed/2013/lab2/s20_test3.i passed!
🐌 You are less effective on this test case.
Your number of cycles for this file is 271.64% higher than number of cycles used by the reference.
Your cycles:	249
Ref cycles:	67
✅ /clear/courses/comp412/students/ILOC/contributed/2013/lab2/s15_block3.i passed!
🐌 You are less effective on this test case.
Your number of cycles for this file is 112.50% higher than number of cycles used by the reference.
Your cycles:	136
Ref cycles:	64
✅ /clear/courses/comp412/students/ILOC/contributed/2013/lab2/s51_test1.i passed!
✅ /clear/courses/comp412/students/ILOC/contributed/2013/lab2/s46_test1.i passed!
✅ /clear/courses/comp412/students/ILOC/contributed/2013/lab2/s63_test4.i passed!
✅ /clear/courses/comp412/students/ILOC/contributed/2013/lab2/s39_test2.i passed!
✅ /clear/courses/comp412/students/ILOC/contributed/2013/lab2/s21_allOpsTest.i passed!
✅ /clear/courses/comp412/students/ILOC/contributed/2013/lab2/s48_test4.i passed!
🐌 You are less effective on this test case.
Your number of cycles for this file is 16.44% higher than number of cycles used by the reference.
Your cycles:	85
Ref cycles:	73
✅ /clear/courses/comp412/students/ILOC/contributed/2013/lab2/s58_test1.i passed!
✅ /clear/courses/comp412/students/ILOC/contributed/2013/lab2/s03_test4.i passed!
✅ /clear/courses/comp412/students/ILOC/contributed/2013/lab2/s34_test4.i passed!
🐌 You are less effective on this test case.
Your number of cycles for this file is 14.10% higher than number of cycles used by the reference.
Your cycles:	89
Ref cycles:	78
✅ /clear/courses/comp412/students/ILOC/contributed/2013/lab2/s19_test4.i passed!
✅ /clear/courses/comp412/students/ILOC/contributed/2013/lab2/s56_test2.i passed!
✅ /clear/courses/comp412/students/ILOC/contributed/2013/lab2/s18_test4.i passed!
🐌 You are less effective on this test case.
Your number of cycles for this file is 28.21% higher than number of cycles used by the reference.
Your cycles:	50
Ref cycles:	39
✅ /clear/courses/comp412/students/ILOC/contributed/2013/lab2/s22_test_block2.i passed!
🐌 You are less effective on this test case.
Your number of cycles for this file is 33.96% higher than number of cycles used by the reference.
Your cycles:	142
Ref cycles:	106
✅ /clear/courses/comp412/students/ILOC/contributed/2013/lab2/s04_test2.i passed!
🐇 You are more effective on this test case.
Your number of cycles for this file is 5.26% lower than number of cycles used by the reference.
Your cycles:	18
Ref cycles:	19
✅ /clear/courses/comp412/students/ILOC/contributed/2013/lab2/s44_block2.i passed!
✅ /clear/courses/comp412/students/ILOC/contributed/2013/lab2/s08_test2.i passed!
✅ /clear/courses/comp412/students/ILOC/contributed/2013/lab2/s31_test3.i passed!
✅ /clear/courses/comp412/students/ILOC/contributed/2013/lab2/s35_block2.i passed!
🐌 You are less effective on this test case.
Your number of cycles for this file is 276.70% higher than number of cycles used by the reference.
Your cycles:	776
Ref cycles:	206
✅ /clear/courses/comp412/students/ILOC/contributed/2013/lab2/s08_test4.i passed!
✅ /clear/courses/comp412/students/ILOC/contributed/2013/lab2/s15_block4.i passed!
🐌 You are less effective on this test case.
Your number of cycles for this file is 48.39% higher than number of cycles used by the reference.
Your cycles:	92
Ref cycles:	62
✅ /clear/courses/comp412/students/ILOC/contributed/2013/lab2/s34_test2.i passed!
✅ /clear/courses/comp412/students/ILOC/contributed/2013/lab2/s44_block4.i passed!
✅ /clear/courses/comp412/students/ILOC/contributed/2013/lab2/s48_test1.i passed!
✅ /clear/courses/comp412/students/ILOC/contributed/2013/lab2/s39_test5.i passed!
✅ /clear/courses/comp412/students/ILOC/contributed/2013/lab2/s29_test4.i passed!
✅ /clear/courses/comp412/students/ILOC/contributed/2013/lab2/s53_test2.i passed!
✅ /clear/courses/comp412/students/ILOC/contributed/2013/lab2/s26_factorial.i passed!
🐌 You are less effective on this test case.
Your number of cycles for this file is 100.00% higher than number of cycles used by the reference.
Your cycles:	48
Ref cycles:	24
✅ /clear/courses/comp412/students/ILOC/contributed/2013/lab2/s14_test3.i passed!
✅ /clear/courses/comp412/students/ILOC/contributed/2013/lab2/s58_test4.i passed!
✅ /clear/courses/comp412/students/ILOC/contributed/2013/lab2/s41_test2.i passed!
✅ /clear/courses/comp412/students/ILOC/contributed/2013/lab2/s30_test2.i passed!
✅ /clear/courses/comp412/students/ILOC/contributed/2013/lab2/s34_test3.i passed!
✅ /clear/courses/comp412/students/ILOC/contributed/2013/lab2/s11_test5.i passed!
✅ /clear/courses/comp412/students/ILOC/contributed/2013/lab2/s45_block4.i passed!
✅ /clear/courses/comp412/students/ILOC/contributed/2013/lab2/s08_test1.i passed!
✅ /clear/courses/comp412/students/ILOC/contributed/2013/lab2/s13_block1.i passed!
✅ /clear/courses/comp412/students/ILOC/contributed/2013/lab2/s36_test2.i passed!
✅ /clear/courses/comp412/students/ILOC/contributed/2013/lab2/s23_test_rshift4.i passed!
✅ /clear/courses/comp412/students/ILOC/contributed/2013/lab2/s06_test4.i passed!
✅ /clear/courses/comp412/students/ILOC/contributed/2013/lab2/s05_copy.i passed!
✅ /clear/courses/comp412/students/ILOC/contributed/2013/lab2/s27_test4.i passed!
✅ /clear/courses/comp412/students/ILOC/contributed/2013/lab2/s21_Factorial10Test.i passed!
✅ /clear/courses/comp412/students/ILOC/contributed/2013/lab2/s11_test1.i passed!
🐌 You are less effective on this test case.
Your number of cycles for this file is 15.00% higher than number of cycles used by the reference.
Your cycles:	23
Ref cycles:	20
✅ /clear/courses/comp412/students/ILOC/contributed/2013/lab2/s29_test1.i passed!
🐌 You are less effective on this test case.
Your number of cycles for this file is 150.00% higher than number of cycles used by the reference.
Your cycles:	40
Ref cycles:	16
✅ /clear/courses/comp412/students/ILOC/contributed/2013/lab2/s13_block3.i passed!
✅ /clear/courses/comp412/students/ILOC/contributed/2013/lab2/s14_test4.i passed!
✅ /clear/courses/comp412/students/ILOC/contributed/2013/lab2/s48_test2.i passed!
✅ /clear/courses/comp412/students/ILOC/contributed/2013/lab2/s05_sumarray.i passed!
🐌 You are less effective on this test case.
Your number of cycles for this file is 28.57% higher than number of cycles used by the reference.
Your cycles:	27
Ref cycles:	21
✅ /clear/courses/comp412/students/ILOC/contributed/2013/lab2/s09_test4.i passed!
✅ /clear/courses/comp412/students/ILOC/contributed/2013/lab2/s48_test3.i passed!
✅ /clear/courses/comp412/students/ILOC/contributed/2013/lab2/s57_test4.i passed!
✅ /clear/courses/comp412/students/ILOC/contributed/2013/lab2/s11_test2.i passed!
🐌 You are less effective on this test case.
Your number of cycles for this file is 48.65% higher than number of cycles used by the reference.
Your cycles:	55
Ref cycles:	37
✅ /clear/courses/comp412/students/ILOC/contributed/2013/lab2/s03_test2.i passed!
✅ /clear/courses/comp412/students/ILOC/contributed/2013/lab2/s62_test2.i passed!
✅ /clear/courses/comp412/students/ILOC/contributed/2013/lab2/s10_test1.i passed!
✅ /clear/courses/comp412/students/ILOC/contributed/2013/lab2/s46_test3.i passed!
✅ /clear/courses/comp412/students/ILOC/contributed/2013/lab2/s06_test3.i passed!
🐌 You are less effective on this test case.
Your number of cycles for this file is 11.43% higher than number of cycles used by the reference.
Your cycles:	39
Ref cycles:	35
✅ /clear/courses/comp412/students/ILOC/contributed/2013/lab2/s39_test1.i passed!
✅ /clear/courses/comp412/students/ILOC/contributed/2013/lab2/s18_test1.i passed!
✅ /clear/courses/comp412/students/ILOC/contributed/2013/lab2/s28_test4.i passed!
✅ /clear/courses/comp412/students/ILOC/contributed/2013/lab2/s01_block4.i passed!
✅ /clear/courses/comp412/students/ILOC/contributed/2013/lab2/s01_block0.i passed!
✅ /clear/courses/comp412/students/ILOC/contributed/2013/lab2/s47_test2.i passed!
✅ /clear/courses/comp412/students/ILOC/contributed/2013/lab2/s55_test1.i passed!
🐌 You are less effective on this test case.
Your number of cycles for this file is 11.11% higher than number of cycles used by the reference.
Your cycles:	10
Ref cycles:	9
✅ /clear/courses/comp412/students/ILOC/contributed/2013/lab2/s58_test2.i passed!
✅ /clear/courses/comp412/students/ILOC/contributed/2013/lab2/s35_block4.i passed!
✅ /clear/courses/comp412/students/ILOC/contributed/2013/lab2/s52_test4.i passed!
🐇 You are more effective on this test case.
Your number of cycles for this file is 5.88% lower than number of cycles used by the reference.
Your cycles:	16
Ref cycles:	17
✅ /clear/courses/comp412/students/ILOC/contributed/2013/lab2/s19_test3.i passed!
✅ /clear/courses/comp412/students/ILOC/contributed/2013/lab2/s25_test4.i passed!
✅ /clear/courses/comp412/students/ILOC/contributed/2013/lab2/s06_test1.i passed!
✅ /clear/courses/comp412/students/ILOC/contributed/2013/lab2/s36_test1.i passed!
🐌 You are less effective on this test case.
Your number of cycles for this file is 10.00% higher than number of cycles used by the reference.
Your cycles:	11
Ref cycles:	10
✅ /clear/courses/comp412/students/ILOC/contributed/2013/lab2/s56_test1.i passed!
✅ /clear/courses/comp412/students/ILOC/contributed/2013/lab2/s10_test3.i passed!
🐌 You are less effective on this test case.
Your number of cycles for this file is 12.50% higher than number of cycles used by the reference.
Your cycles:	18
Ref cycles:	16
✅ /clear/courses/comp412/students/ILOC/contributed/2013/lab2/s55_test2.i passed!
✅ /clear/courses/comp412/students/ILOC/contributed/2013/lab2/s17_test3.i passed!
✅ /clear/courses/comp412/students/ILOC/contributed/2013/lab2/s27_test2.i passed!
✅ /clear/courses/comp412/students/ILOC/contributed/2013/lab2/s47_test4.i passed!
🐌 You are less effective on this test case.
Your number of cycles for this file is 16.67% higher than number of cycles used by the reference.
Your cycles:	28
Ref cycles:	24
✅ /clear/courses/comp412/students/ILOC/contributed/2013/lab2/s01_block2.i passed!
✅ /clear/courses/comp412/students/ILOC/contributed/2013/lab2/s13_block4.i passed!
✅ /clear/courses/comp412/students/ILOC/contributed/2013/lab2/s25_test3.i passed!
✅ /clear/courses/comp412/students/ILOC/contributed/2013/lab2/s45_block1.i passed!
✅ /clear/courses/comp412/students/ILOC/contributed/2013/lab2/s38_large.i passed!
🐌 You are less effective on this test case.
Your number of cycles for this file is 69.18% higher than number of cycles used by the reference.
Your cycles:	763
Ref cycles:	451
✅ /clear/courses/comp412/students/ILOC/contributed/2013/lab2/s31_test1.i passed!
✅ /clear/courses/comp412/students/ILOC/contributed/2013/lab2/s04_test1.i passed!
✅ /clear/courses/comp412/students/ILOC/contributed/2013/lab2/s35_block1.i passed!
✅ /clear/courses/comp412/students/ILOC/contributed/2013/lab2/s53_test3.i passed!
✅ /clear/courses/comp412/students/ILOC/contributed/2013/lab2/s44_block1.i passed!
✅ /clear/courses/comp412/students/ILOC/contributed/2013/lab2/s36_test3.i passed!
✅ /clear/courses/comp412/students/ILOC/contributed/2013/lab2/s47_test1.i passed!
🐌 You are less effective on this test case.
Your number of cycles for this file is 16.67% higher than number of cycles used by the reference.
Your cycles:	28
Ref cycles:	24
✅ /clear/courses/comp412/students/ILOC/contributed/2013/lab2/s06_test2.i passed!
✅ /clear/courses/comp412/students/ILOC/contributed/2013/lab2/s51_test4.i passed!
✅ /clear/courses/comp412/students/ILOC/contributed/2013/lab2/s57_test1.i passed!
✅ /clear/courses/comp412/students/ILOC/contributed/2013/lab2/s47_test3.i passed!
✅ /clear/courses/comp412/students/ILOC/contributed/2013/lab2/s10_test2.i passed!
🐌 You are less effective on this test case.
Your number of cycles for this file is 66.67% higher than number of cycles used by the reference.
Your cycles:	45
Ref cycles:	27
✅ /clear/courses/comp412/students/ILOC/contributed/2013/lab2/s46_test4.i passed!
✅ /clear/courses/comp412/students/ILOC/contributed/2013/lab2/s39_test4.i passed!
✅ /clear/courses/comp412/students/ILOC/contributed/2013/lab3/s50_multipleStores.i passed!
✅ /clear/courses/comp412/students/ILOC/contributed/2013/lab3/s51_test.i passed!
✅ /clear/courses/comp412/students/ILOC/contributed/2013/lab3/s35_test.i passed!
✅ /clear/courses/comp412/students/ILOC/contributed/2013/lab3/s16_test1.i passed!
✅ /clear/courses/comp412/students/ILOC/contributed/2013/lab3/s61_test.i passed!
✅ /clear/courses/comp412/students/ILOC/contributed/2013/lab3/s27_test.i passed!
✅ /clear/courses/comp412/students/ILOC/contributed/2013/lab3/s50_output_store.i passed!
🐇 You are more effective on this test case.
Your number of cycles for this file is 5.13% lower than number of cycles used by the reference.
Your cycles:	37
Ref cycles:	39
✅ /clear/courses/comp412/students/ILOC/contributed/2013/lab3/s45_test.i passed!
✅ /clear/courses/comp412/students/ILOC/contributed/2013/lab3/s52_test.i passed!
🐇 You are more effective on this test case.
Your number of cycles for this file is 4.76% lower than number of cycles used by the reference.
Your cycles:	40
Ref cycles:	42
✅ /clear/courses/comp412/students/ILOC/contributed/2013/lab3/s56_dependency.i passed!
🐇 You are more effective on this test case.
Your number of cycles for this file is 9.09% lower than number of cycles used by the reference.
Your cycles:	10
Ref cycles:	11
✅ /clear/courses/comp412/students/ILOC/contributed/2013/lab3/s01_test.i passed!
✅ /clear/courses/comp412/students/ILOC/contributed/2013/lab3/s53_test.i passed!
✅ /clear/courses/comp412/students/ILOC/contributed/2013/lab3/s29_test.i passed!
✅ /clear/courses/comp412/students/ILOC/contributed/2013/lab3/s16_test2.i passed!
✅ /clear/courses/comp412/students/ILOC/contributed/2013/lab3/s40_test.i passed!
✅ /clear/courses/comp412/students/ILOC/contributed/2013/lab3/s55_test.i passed!
✅ /clear/courses/comp412/students/ILOC/contributed/2013/lab3/s22_test.i passed!
✅ /clear/courses/comp412/students/ILOC/contributed/2013/lab3/s43_renamed.i passed!
✅ /clear/courses/comp412/students/ILOC/contributed/2013/lab3/s12_test.i passed!
🐌 You are less effective on this test case.
Your number of cycles for this file is 11.11% higher than number of cycles used by the reference.
Your cycles:	20
Ref cycles:	18
✅ /clear/courses/comp412/students/ILOC/contributed/2013/lab3/s03_the_monster.i passed!
✅ /clear/courses/comp412/students/ILOC/contributed/2013/lab3/s31_test.i passed!
✅ /clear/courses/comp412/students/ILOC/contributed/2013/lab3/s11_test.i passed!
✅ /clear/courses/comp412/students/ILOC/contributed/2013/lab3/s07_test.i passed!
✅ /clear/courses/comp412/students/ILOC/contributed/2013/lab3/s20_test.i passed!
🐇 You are more effective on this test case.
Your number of cycles for this file is 5.56% lower than number of cycles used by the reference.
Your cycles:	17
Ref cycles:	18
✅ /clear/courses/comp412/students/ILOC/contributed/2013/lab3/s04_test.i passed!
✅ /clear/courses/comp412/students/ILOC/contributed/2013/lab3/s17_test.i passed!
✅ /clear/courses/comp412/students/ILOC/contributed/2013/lab3/s05_test.i passed!
🐌 You are less effective on this test case.
Your number of cycles for this file is 87.50% higher than number of cycles used by the reference.
Your cycles:	90
Ref cycles:	48
✅ /clear/courses/comp412/students/ILOC/contributed/2013/lab3/s39_test.i passed!
🐌 You are less effective on this test case.
Your number of cycles for this file is 57.14% higher than number of cycles used by the reference.
Your cycles:	121
Ref cycles:	77
✅ /clear/courses/comp412/students/ILOC/contributed/2013/lab3/s49_SumMult.i passed!
🐇 You are more effective on this test case.
Your number of cycles for this file is 7.69% lower than number of cycles used by the reference.
Your cycles:	36
Ref cycles:	39
✅ /clear/courses/comp412/students/ILOC/contributed/2013/lab3/s25_test.i passed!
🐌 You are less effective on this test case.
Your number of cycles for this file is 60.00% higher than number of cycles used by the reference.
Your cycles:	32
Ref cycles:	20
✅ /clear/courses/comp412/students/ILOC/contributed/2013/lab3/s06_test.i passed!
✅ /clear/courses/comp412/students/ILOC/contributed/2013/lab3/s28_test.i passed!
✅ /clear/courses/comp412/students/ILOC/contributed/2013/lab3/s60_test.i passed!
✅ /clear/courses/comp412/students/ILOC/contributed/2013/lab3/s54_test.i passed!
✅ /clear/courses/comp412/students/ILOC/contributed/2013/lab3/s50_trickyRename.i passed!
🐌 You are less effective on this test case.
Your number of cycles for this file is 16.67% higher than number of cycles used by the reference.
Your cycles:	14
Ref cycles:	12
✅ /clear/courses/comp412/students/ILOC/contributed/2013/lab3/s19_output_order.i passed!
✅ /clear/courses/comp412/students/ILOC/contributed/2013/lab3/s13_testpriorities.i passed!
✅ /clear/courses/comp412/students/ILOC/contributed/2013/lab3/s46_test.i passed!
🐇 You are more effective on this test case.
Your number of cycles for this file is 8.33% lower than number of cycles used by the reference.
Your cycles:	22
Ref cycles:	24
✅ /clear/courses/comp412/students/ILOC/contributed/2013/lab3/s38_test.i passed!
🐌 You are less effective on this test case.
Your number of cycles for this file is 40.54% higher than number of cycles used by the reference.
Your cycles:	52
Ref cycles:	37
✅ /clear/courses/comp412/students/ILOC/contributed/2013/lab3/s14_test.i passed!
✅ /clear/courses/comp412/students/ILOC/contributed/2013/lab3/s30_test.i passed!
✅ /clear/courses/comp412/students/ILOC/contributed/2013/lab3/s58_test.i passed!
🐌 You are less effective on this test case.
Your number of cycles for this file is 11.48% higher than number of cycles used by the reference.
Your cycles:	68
Ref cycles:	61
✅ /clear/courses/comp412/students/ILOC/contributed/2013/lab3/s26_vectoradd_hard.i passed!
🐌 You are less effective on this test case.
Your number of cycles for this file is 21.74% higher than number of cycles used by the reference.
Your cycles:	28
Ref cycles:	23
✅ /clear/courses/comp412/students/ILOC/contributed/2013/lab3/s26_vectoradd_easy.i passed!
✅ /clear/courses/comp412/students/ILOC/contributed/2013/lab3/s02_memory_disambiguation_1.i passed!
✅ /clear/courses/comp412/students/ILOC/contributed/2013/lab3/s36_memoryconfusion.i passed!
✅ /clear/courses/comp412/students/ILOC/contributed/2013/lab3/s48_crowdedStore.i passed!
✅ /clear/courses/comp412/students/ILOC/contributed/2013/lab3/s47_test.i passed!
✅ /clear/courses/comp412/students/ILOC/contributed/2013/lab3/s10_dependency_test.i passed!
✅ /clear/courses/comp412/students/ILOC/contributed/2013/lab3/s23_test.i passed!
✅ /clear/courses/comp412/students/ILOC/contributed/2013/lab3/s44_test.i passed!
🐌 You are less effective on this test case.
Your number of cycles for this file is 12.50% higher than number of cycles used by the reference.
Your cycles:	18
Ref cycles:	16
✅ /clear/courses/comp412/students/ILOC/contributed/2013/lab3/s15_test.i passed!
🐌 You are less effective on this test case.
Your number of cycles for this file is 10.00% higher than number of cycles used by the reference.
Your cycles:	11
Ref cycles:	10
✅ /clear/courses/comp412/students/ILOC/contributed/2013/lab3/s33_test.i passed!
✅ /clear/courses/comp412/students/ILOC/contributed/2013/lab3/s02_memory_disambiguation_2.i passed!
🐌 You are less effective on this test case.
Your number of cycles for this file is 63.16% higher than number of cycles used by the reference.
Your cycles:	31
Ref cycles:	19
✅ /clear/courses/comp412/students/ILOC/contributed/2013/lab3/s08_test.i passed!
🐌 You are less effective on this test case.
Your number of cycles for this file is 18.18% higher than number of cycles used by the reference.
Your cycles:	13
Ref cycles:	11
✅ /clear/courses/comp412/students/ILOC/contributed/2014/lab2/cal7.i passed!
✅ /clear/courses/comp412/students/ILOC/contributed/2014/lab2/jjc6.i passed!
✅ /clear/courses/comp412/students/ILOC/contributed/2014/lab2/yp10.i passed!
🐌 You are less effective on this test case.
Your number of cycles for this file is 31.43% higher than number of cycles used by the reference.
Your cycles:	46
Ref cycles:	35
✅ /clear/courses/comp412/students/ILOC/contributed/2014/lab2/wg7.i passed!
🐌 You are less effective on this test case.
Your number of cycles for this file is 44.90% higher than number of cycles used by the reference.
Your cycles:	71
Ref cycles:	49
✅ /clear/courses/comp412/students/ILOC/contributed/2014/lab2/wan1.i passed!
🐇 You are more effective on this test case.
Your number of cycles for this file is 4.88% lower than number of cycles used by the reference.
Your cycles:	39
Ref cycles:	41
✅ /clear/courses/comp412/students/ILOC/contributed/2014/lab2/nbh2.i passed!
🐌 You are less effective on this test case.
Your number of cycles for this file is 93.55% higher than number of cycles used by the reference.
Your cycles:	60
Ref cycles:	31
✅ /clear/courses/comp412/students/ILOC/contributed/2014/lab2/jfj2.i passed!
🐌 You are less effective on this test case.
Your number of cycles for this file is 234.78% higher than number of cycles used by the reference.
Your cycles:	231
Ref cycles:	69
✅ /clear/courses/comp412/students/ILOC/contributed/2014/lab2/my12.i passed!
🐌 You are less effective on this test case.
Your number of cycles for this file is 65.73% higher than number of cycles used by the reference.
Your cycles:	237
Ref cycles:	143
✅ /clear/courses/comp412/students/ILOC/contributed/2014/lab2/yd9.squares.i passed!
🐌 You are less effective on this test case.
Your number of cycles for this file is 13.04% higher than number of cycles used by the reference.
Your cycles:	104
Ref cycles:	92
✅ /clear/courses/comp412/students/ILOC/contributed/2014/lab2/jmn8.i passed!
🐌 You are less effective on this test case.
Your number of cycles for this file is 20.73% higher than number of cycles used by the reference.
Your cycles:	99
Ref cycles:	82
✅ /clear/courses/comp412/students/ILOC/contributed/2014/lab2/ssh2.i passed!
✅ /clear/courses/comp412/students/ILOC/contributed/2014/lab2/yw27.i passed!
✅ /clear/courses/comp412/students/ILOC/contributed/2014/lab2/xl22.i passed!
✅ /clear/courses/comp412/students/ILOC/contributed/2014/lab2/jl71.i passed!
✅ /clear/courses/comp412/students/ILOC/contributed/2014/lab2/bw6.i passed!
✅ /clear/courses/comp412/students/ILOC/contributed/2014/lab2/ngr2.i passed!
✅ /clear/courses/comp412/students/ILOC/contributed/2014/lab2/pyw1.i passed!
🐇 You are more effective on this test case.
Your number of cycles for this file is 6.38% lower than number of cycles used by the reference.
Your cycles:	44
Ref cycles:	47
✅ /clear/courses/comp412/students/ILOC/contributed/2014/lab2/hz21.i passed!
🐌 You are less effective on this test case.
Your number of cycles for this file is 52.94% higher than number of cycles used by the reference.
Your cycles:	78
Ref cycles:	51
✅ /clear/courses/comp412/students/ILOC/contributed/2014/lab2/yd9.gcd.i passed!
✅ /clear/courses/comp412/students/ILOC/contributed/2014/lab2/wj3.i passed!
✅ /clear/courses/comp412/students/ILOC/contributed/2014/lab2/jl98.i passed!
✅ /clear/courses/comp412/students/ILOC/contributed/2014/lab2/ews1.i passed!
✅ /clear/courses/comp412/students/ILOC/contributed/2014/lab2/hl33.i passed!
🐌 You are less effective on this test case.
Your number of cycles for this file is 10.00% higher than number of cycles used by the reference.
Your cycles:	11
Ref cycles:	10
✅ /clear/courses/comp412/students/ILOC/contributed/2014/lab2/imh1.i passed!
✅ /clear/courses/comp412/students/ILOC/contributed/2014/lab2/kcb5.i passed!
🐌 You are less effective on this test case.
Your number of cycles for this file is 51.28% higher than number of cycles used by the reference.
Your cycles:	118
Ref cycles:	78
✅ /clear/courses/comp412/students/ILOC/contributed/2014/lab2/wsp1.i passed!
🐌 You are less effective on this test case.
Your number of cycles for this file is 109.09% higher than number of cycles used by the reference.
Your cycles:	46
Ref cycles:	22
✅ /clear/courses/comp412/students/ILOC/contributed/2014/lab2/les6.i passed!
✅ /clear/courses/comp412/students/ILOC/contributed/2014/lab2/icm2.i passed!
✅ /clear/courses/comp412/students/ILOC/contributed/2014/lab2/yl65.i passed!
✅ /clear/courses/comp412/students/ILOC/contributed/2014/lab2/sm80.i passed!
✅ /clear/courses/comp412/students/ILOC/contributed/2014/lab2/msp5.i passed!
🐌 You are less effective on this test case.
Your number of cycles for this file is 13.39% higher than number of cycles used by the reference.
Your cycles:	271
Ref cycles:	239
✅ /clear/courses/comp412/students/ILOC/contributed/2014/lab2/kwa2.i passed!
✅ /clear/courses/comp412/students/ILOC/contributed/2014/lab2/sjl4.i passed!
🐌 You are less effective on this test case.
Your number of cycles for this file is 48.00% higher than number of cycles used by the reference.
Your cycles:	259
Ref cycles:	175
✅ /clear/courses/comp412/students/ILOC/contributed/2014/lab2/jmg9.i passed!
✅ /clear/courses/comp412/students/ILOC/contributed/2014/lab2/jjo1.i passed!
✅ /clear/courses/comp412/students/ILOC/contributed/2014/lab2/ash4.i passed!
✅ /clear/courses/comp412/students/ILOC/contributed/2014/lab2/fg10.i passed!
🐌 You are less effective on this test case.
Your number of cycles for this file is 12.50% higher than number of cycles used by the reference.
Your cycles:	9
Ref cycles:	8
✅ /clear/courses/comp412/students/ILOC/contributed/2014/lab2/jps12.i passed!
🐌 You are less effective on this test case.
Your number of cycles for this file is 27.22% higher than number of cycles used by the reference.
Your cycles:	701
Ref cycles:	551
✅ /clear/courses/comp412/students/ILOC/contributed/2014/lab2/jak6.i passed!
🐌 You are less effective on this test case.
Your number of cycles for this file is 194.59% higher than number of cycles used by the reference.
Your cycles:	218
Ref cycles:	74
✅ /clear/courses/comp412/students/ILOC/contributed/2014/lab2/cms14.i passed!
✅ /clear/courses/comp412/students/ILOC/contributed/2014/lab2/jdw7.i passed!
✅ /clear/courses/comp412/students/ILOC/contributed/2014/lab2/veb2.i passed!
✅ /clear/courses/comp412/students/ILOC/contributed/2014/lab2/mcc10.i passed!
✅ /clear/courses/comp412/students/ILOC/contributed/2014/lab2/zw12.i passed!
✅ /clear/courses/comp412/students/ILOC/contributed/2014/lab2/jdc5.i passed!
🐌 You are less effective on this test case.
Your number of cycles for this file is 18.28% higher than number of cycles used by the reference.
Your cycles:	110
Ref cycles:	93
✅ /clear/courses/comp412/students/ILOC/contributed/2014/lab2/gel1.i passed!
✅ /clear/courses/comp412/students/ILOC/contributed/2014/lab2/cz21.i passed!
🐌 You are less effective on this test case.
Your number of cycles for this file is 75.41% higher than number of cycles used by the reference.
Your cycles:	107
Ref cycles:	61
✅ /clear/courses/comp412/students/ILOC/contributed/2014/lab2/kz12.i passed!
✅ /clear/courses/comp412/students/ILOC/contributed/2014/lab2/cx5.i passed!
✅ /clear/courses/comp412/students/ILOC/contributed/2014/lab2/yn4.i passed!
🐇 You are more effective on this test case.
Your number of cycles for this file is 6.67% lower than number of cycles used by the reference.
Your cycles:	14
Ref cycles:	15
✅ /clear/courses/comp412/students/ILOC/contributed/2014/lab2/dtp3.i passed!
✅ /clear/courses/comp412/students/ILOC/contributed/2014/lab2/yx14.i passed!
✅ /clear/courses/comp412/students/ILOC/contributed/2014/lab2/kef2.i passed!
✅ /clear/courses/comp412/students/ILOC/contributed/2014/lab2/kag8.i passed!
🐌 You are less effective on this test case.
Your number of cycles for this file is 50.00% higher than number of cycles used by the reference.
Your cycles:	27
Ref cycles:	18
✅ /clear/courses/comp412/students/ILOC/contributed/2014/lab2/gty1.i passed!
🐌 You are less effective on this test case.
Your number of cycles for this file is 101.64% higher than number of cycles used by the reference.
Your cycles:	123
Ref cycles:	61
✅ /clear/courses/comp412/students/ILOC/contributed/2014/lab2/eeb3.i passed!
🐌 You are less effective on this test case.
Your number of cycles for this file is 41.98% higher than number of cycles used by the reference.
Your cycles:	186
Ref cycles:	131
✅ /clear/courses/comp412/students/ILOC/contributed/2014/lab3/cal7.i passed!
✅ /clear/courses/comp412/students/ILOC/contributed/2014/lab3/jjc6.i passed!
✅ /clear/courses/comp412/students/ILOC/contributed/2014/lab3/yp10.i passed!
✅ /clear/courses/comp412/students/ILOC/contributed/2014/lab3/wg7.i passed!
✅ /clear/courses/comp412/students/ILOC/contributed/2014/lab3/wan1.i passed!
✅ /clear/courses/comp412/students/ILOC/contributed/2014/lab3/nbh2.i passed!
🐌 You are less effective on this test case.
Your number of cycles for this file is 52.00% higher than number of cycles used by the reference.
Your cycles:	114
Ref cycles:	75
✅ /clear/courses/comp412/students/ILOC/contributed/2014/lab3/tbw1.i passed!
✅ /clear/courses/comp412/students/ILOC/contributed/2014/lab3/jfj2.i passed!
✅ /clear/courses/comp412/students/ILOC/contributed/2014/lab3/my12.i passed!
✅ /clear/courses/comp412/students/ILOC/contributed/2014/lab3/tc19.i passed!
✅ /clear/courses/comp412/students/ILOC/contributed/2014/lab3/ssh2.i passed!
✅ /clear/courses/comp412/students/ILOC/contributed/2014/lab3/jmn8.2.i passed!
🐇 You are more effective on this test case.
Your number of cycles for this file is 4.17% lower than number of cycles used by the reference.
Your cycles:	23
Ref cycles:	24
✅ /clear/courses/comp412/students/ILOC/contributed/2014/lab3/xl22.i passed!
✅ /clear/courses/comp412/students/ILOC/contributed/2014/lab3/jl71.i passed!
✅ /clear/courses/comp412/students/ILOC/contributed/2014/lab3/bw6.i passed!
✅ /clear/courses/comp412/students/ILOC/contributed/2014/lab3/ngr2.i passed!
✅ /clear/courses/comp412/students/ILOC/contributed/2014/lab3/pyw1.i passed!
✅ /clear/courses/comp412/students/ILOC/contributed/2014/lab3/hz21.i passed!
✅ /clear/courses/comp412/students/ILOC/contributed/2014/lab3/wj3.i passed!
✅ /clear/courses/comp412/students/ILOC/contributed/2014/lab3/jl98.i passed!
✅ /clear/courses/comp412/students/ILOC/contributed/2014/lab3/ews1.i passed!
🐇 You are more effective on this test case.
Your number of cycles for this file is 4.17% lower than number of cycles used by the reference.
Your cycles:	23
Ref cycles:	24
✅ /clear/courses/comp412/students/ILOC/contributed/2014/lab3/hl33.i passed!
✅ /clear/courses/comp412/students/ILOC/contributed/2014/lab3/imh1.i passed!
✅ /clear/courses/comp412/students/ILOC/contributed/2014/lab3/wsp1.i passed!
✅ /clear/courses/comp412/students/ILOC/contributed/2014/lab3/les6.i passed!
🐇 You are more effective on this test case.
Your number of cycles for this file is 6.67% lower than number of cycles used by the reference.
Your cycles:	14
Ref cycles:	15
✅ /clear/courses/comp412/students/ILOC/contributed/2014/lab3/icm2.i passed!
🐇 You are more effective on this test case.
Your number of cycles for this file is 3.70% lower than number of cycles used by the reference.
Your cycles:	26
Ref cycles:	27
✅ /clear/courses/comp412/students/ILOC/contributed/2014/lab3/sm80.i passed!
✅ /clear/courses/comp412/students/ILOC/contributed/2014/lab3/msp5.i passed!
✅ /clear/courses/comp412/students/ILOC/contributed/2014/lab3/kwa2.i passed!
✅ /clear/courses/comp412/students/ILOC/contributed/2014/lab3/sjl4.i passed!
🐌 You are less effective on this test case.
Your number of cycles for this file is 13.16% higher than number of cycles used by the reference.
Your cycles:	86
Ref cycles:	76
✅ /clear/courses/comp412/students/ILOC/contributed/2014/lab3/jmg9.i passed!
🐌 You are less effective on this test case.
Your number of cycles for this file is 16.22% higher than number of cycles used by the reference.
Your cycles:	43
Ref cycles:	37
✅ /clear/courses/comp412/students/ILOC/contributed/2014/lab3/jjo1.i passed!
🐌 You are less effective on this test case.
Your number of cycles for this file is 67.57% higher than number of cycles used by the reference.
Your cycles:	62
Ref cycles:	37
✅ /clear/courses/comp412/students/ILOC/contributed/2014/lab3/fg10.i passed!
🐌 You are less effective on this test case.
Your number of cycles for this file is 33.85% higher than number of cycles used by the reference.
Your cycles:	87
Ref cycles:	65
✅ /clear/courses/comp412/students/ILOC/contributed/2014/lab3/xl43.i passed!
✅ /clear/courses/comp412/students/ILOC/contributed/2014/lab3/jps12.i passed!
🐌 You are less effective on this test case.
Your number of cycles for this file is 114.29% higher than number of cycles used by the reference.
Your cycles:	45
Ref cycles:	21
✅ /clear/courses/comp412/students/ILOC/contributed/2014/lab3/jak6.i passed!
🐌 You are less effective on this test case.
Your number of cycles for this file is 42.31% higher than number of cycles used by the reference.
Your cycles:	37
Ref cycles:	26
✅ /clear/courses/comp412/students/ILOC/contributed/2014/lab3/cms14.i passed!
✅ /clear/courses/comp412/students/ILOC/contributed/2014/lab3/jdw7.i passed!
✅ /clear/courses/comp412/students/ILOC/contributed/2014/lab3/veb2.i passed!
🐇 You are more effective on this test case.
Your number of cycles for this file is 7.14% lower than number of cycles used by the reference.
Your cycles:	13
Ref cycles:	14
✅ /clear/courses/comp412/students/ILOC/contributed/2014/lab3/mcc10.i passed!
🐌 You are less effective on this test case.
Your number of cycles for this file is 14.29% higher than number of cycles used by the reference.
Your cycles:	40
Ref cycles:	35
✅ /clear/courses/comp412/students/ILOC/contributed/2014/lab3/jdc5.i passed!
🐌 You are less effective on this test case.
Your number of cycles for this file is 17.89% higher than number of cycles used by the reference.
Your cycles:	112
Ref cycles:	95
✅ /clear/courses/comp412/students/ILOC/contributed/2014/lab3/gel1.i passed!
🐌 You are less effective on this test case.
Your number of cycles for this file is 41.10% higher than number of cycles used by the reference.
Your cycles:	103
Ref cycles:	73
✅ /clear/courses/comp412/students/ILOC/contributed/2014/lab3/cz21.i passed!
✅ /clear/courses/comp412/students/ILOC/contributed/2014/lab3/cx5.i passed!
✅ /clear/courses/comp412/students/ILOC/contributed/2014/lab3/yn4.i passed!
🐌 You are less effective on this test case.
Your number of cycles for this file is 57.14% higher than number of cycles used by the reference.
Your cycles:	66
Ref cycles:	42
✅ /clear/courses/comp412/students/ILOC/contributed/2014/lab3/jmn8.3.i passed!
✅ /clear/courses/comp412/students/ILOC/contributed/2014/lab3/dtp3.i passed!
✅ /clear/courses/comp412/students/ILOC/contributed/2014/lab3/jmn8.4.i passed!
✅ /clear/courses/comp412/students/ILOC/contributed/2014/lab3/jmn8.1.i passed!
✅ /clear/courses/comp412/students/ILOC/contributed/2014/lab3/jfj2.avg.i passed!
🐌 You are less effective on this test case.
Your number of cycles for this file is 234.78% higher than number of cycles used by the reference.
Your cycles:	231
Ref cycles:	69
✅ /clear/courses/comp412/students/ILOC/contributed/2014/lab3/yx14.i passed!
🐌 You are less effective on this test case.
Your number of cycles for this file is 31.82% higher than number of cycles used by the reference.
Your cycles:	87
Ref cycles:	66
✅ /clear/courses/comp412/students/ILOC/contributed/2014/lab3/kag8.i passed!
✅ /clear/courses/comp412/students/ILOC/contributed/2014/lab3/gty1.i passed!
✅ /clear/courses/comp412/students/ILOC/contributed/2014/lab3/eeb3.i passed!
✅ /clear/courses/comp412/students/ILOC/contributed/2014/lab3/yd9.i passed!
🐌 You are less effective on this test case.
Your number of cycles for this file is 92.86% higher than number of cycles used by the reference.
Your cycles:	108
Ref cycles:	56
✅ /clear/courses/comp412/students/ILOC/contributed/2015/lab2/yg31.i passed!
🐌 You are less effective on this test case.
Your number of cycles for this file is 56.19% higher than number of cycles used by the reference.
Your cycles:	164
Ref cycles:	105
✅ /clear/courses/comp412/students/ILOC/contributed/2015/lab2/pe4.i passed!
✅ /clear/courses/comp412/students/ILOC/contributed/2015/lab2/tl18.i passed!
🐌 You are less effective on this test case.
Your number of cycles for this file is 25.00% higher than number of cycles used by the reference.
Your cycles:	55
Ref cycles:	44
✅ /clear/courses/comp412/students/ILOC/contributed/2015/lab2/fdb1.i passed!
✅ /clear/courses/comp412/students/ILOC/contributed/2015/lab2/bx3.i passed!
🐌 You are less effective on this test case.
Your number of cycles for this file is 37.78% higher than number of cycles used by the reference.
Your cycles:	62
Ref cycles:	45
✅ /clear/courses/comp412/students/ILOC/contributed/2015/lab2/zkk1.i passed!
🐌 You are less effective on this test case.
Your number of cycles for this file is 50.33% higher than number of cycles used by the reference.
Your cycles:	230
Ref cycles:	153
✅ /clear/courses/comp412/students/ILOC/contributed/2015/lab2/yw27.i passed!
❌ /clear/courses/comp412/students/ILOC/contributed/2015/lab2/ehs2.i failed!
- Summary:
	Timed out! Your test took longer than 1s.
	This limit can be modified in runner.py
✅ /clear/courses/comp412/students/ILOC/contributed/2015/lab2/oky1.i passed!
🐌 You are less effective on this test case.
Your number of cycles for this file is 13.43% higher than number of cycles used by the reference.
Your cycles:	76
Ref cycles:	67
✅ /clear/courses/comp412/students/ILOC/contributed/2015/lab2/pq2.i passed!
✅ /clear/courses/comp412/students/ILOC/contributed/2015/lab2/mas20.i passed!
🐌 You are less effective on this test case.
Your number of cycles for this file is 96.10% higher than number of cycles used by the reference.
Your cycles:	151
Ref cycles:	77
✅ /clear/courses/comp412/students/ILOC/contributed/2015/lab2/yd18.i passed!
🐌 You are less effective on this test case.
Your number of cycles for this file is 43.55% higher than number of cycles used by the reference.
Your cycles:	178
Ref cycles:	124
✅ /clear/courses/comp412/students/ILOC/contributed/2015/lab2/cav2.i passed!
🐌 You are less effective on this test case.
Your number of cycles for this file is 64.70% higher than number of cycles used by the reference.
Your cycles:	1059
Ref cycles:	643
✅ /clear/courses/comp412/students/ILOC/contributed/2015/lab2/tve1.i passed!
✅ /clear/courses/comp412/students/ILOC/contributed/2015/lab2/gak2.i passed!
🐌 You are less effective on this test case.
Your number of cycles for this file is 156.52% higher than number of cycles used by the reference.
Your cycles:	118
Ref cycles:	46
✅ /clear/courses/comp412/students/ILOC/contributed/2015/lab2/ac86.i passed!
✅ /clear/courses/comp412/students/ILOC/contributed/2015/lab2/jj26.i passed!
🐌 You are less effective on this test case.
Your number of cycles for this file is 234.29% higher than number of cycles used by the reference.
Your cycles:	117
Ref cycles:	35
✅ /clear/courses/comp412/students/ILOC/contributed/2015/lab2/asn2.i passed!
✅ /clear/courses/comp412/students/ILOC/contributed/2015/lab2/mww4.i passed!
🐌 You are less effective on this test case.
Your number of cycles for this file is 71.11% higher than number of cycles used by the reference.
Your cycles:	77
Ref cycles:	45
✅ /clear/courses/comp412/students/ILOC/contributed/2015/lab2/xw32.i passed!
🐌 You are less effective on this test case.
Your number of cycles for this file is 96.88% higher than number of cycles used by the reference.
Your cycles:	126
Ref cycles:	64
✅ /clear/courses/comp412/students/ILOC/contributed/2015/lab2/yz56.i passed!
🐌 You are less effective on this test case.
Your number of cycles for this file is 116.07% higher than number of cycles used by the reference.
Your cycles:	121
Ref cycles:	56
✅ /clear/courses/comp412/students/ILOC/contributed/2015/lab2/fgd1.i passed!
✅ /clear/courses/comp412/students/ILOC/contributed/2015/lab2/am98.i passed!
🐌 You are less effective on this test case.
Your number of cycles for this file is 40.48% higher than number of cycles used by the reference.
Your cycles:	59
Ref cycles:	42
✅ /clear/courses/comp412/students/ILOC/contributed/2015/lab2/zc12.i passed!
🐌 You are less effective on this test case.
Your number of cycles for this file is 39.29% higher than number of cycles used by the reference.
Your cycles:	78
Ref cycles:	56
✅ /clear/courses/comp412/students/ILOC/contributed/2015/lab2/ptd3.i passed!
✅ /clear/courses/comp412/students/ILOC/contributed/2015/lab2/dh15.i passed!
✅ /clear/courses/comp412/students/ILOC/contributed/2015/lab2/wl22.i passed!
🐌 You are less effective on this test case.
Your number of cycles for this file is 103.85% higher than number of cycles used by the reference.
Your cycles:	106
Ref cycles:	52
✅ /clear/courses/comp412/students/ILOC/contributed/2015/lab2/jnd2.i passed!
🐌 You are less effective on this test case.
Your number of cycles for this file is 126.87% higher than number of cycles used by the reference.
Your cycles:	304
Ref cycles:	134
✅ /clear/courses/comp412/students/ILOC/contributed/2015/lab2/kh25.i passed!
✅ /clear/courses/comp412/students/ILOC/contributed/2015/lab2/med7.i passed!
🐌 You are less effective on this test case.
Your number of cycles for this file is 18.18% higher than number of cycles used by the reference.
Your cycles:	130
Ref cycles:	110
✅ /clear/courses/comp412/students/ILOC/contributed/2015/lab2/mmj4.i passed!
❌ /clear/courses/comp412/students/ILOC/contributed/2015/lab2/lh15.i failed!
🤨 Your solution took 0 cycles. Something weird is going on...
- Summary:
- Simulator input used:Nothing (None found in source file)
- Reference output:
[0]
- Your output:
[]
✅ /clear/courses/comp412/students/ILOC/contributed/2015/lab2/cl41.i passed!
🐌 You are less effective on this test case.
Your number of cycles for this file is 94.74% higher than number of cycles used by the reference.
Your cycles:	74
Ref cycles:	38
✅ /clear/courses/comp412/students/ILOC/contributed/2015/lab2/kws4.i passed!
🐌 You are less effective on this test case.
Your number of cycles for this file is 10.45% higher than number of cycles used by the reference.
Your cycles:	74
Ref cycles:	67
✅ /clear/courses/comp412/students/ILOC/contributed/2015/lab2/dw20.i passed!
🐌 You are less effective on this test case.
Your number of cycles for this file is 21.57% higher than number of cycles used by the reference.
Your cycles:	62
Ref cycles:	51
✅ /clear/courses/comp412/students/ILOC/contributed/2015/lab2/clf6.i passed!
🐇 You are more effective on this test case.
Your number of cycles for this file is 5.88% lower than number of cycles used by the reference.
Your cycles:	16
Ref cycles:	17
✅ /clear/courses/comp412/students/ILOC/contributed/2015/lab2/meh9.i passed!
✅ /clear/courses/comp412/students/ILOC/contributed/2015/lab2/jml13.i passed!
🐌 You are less effective on this test case.
Your number of cycles for this file is 71.43% higher than number of cycles used by the reference.
Your cycles:	72
Ref cycles:	42
✅ /clear/courses/comp412/students/ILOC/contributed/2015/lab2/bsl3.i passed!
🐌 You are less effective on this test case.
Your number of cycles for this file is 69.23% higher than number of cycles used by the reference.
Your cycles:	44
Ref cycles:	26
✅ /clear/courses/comp412/students/ILOC/contributed/2015/lab2/pd22.i passed!
🐌 You are less effective on this test case.
Your number of cycles for this file is 60.61% higher than number of cycles used by the reference.
Your cycles:	106
Ref cycles:	66
✅ /clear/courses/comp412/students/ILOC/contributed/2015/lab2/pat2.i passed!
🐌 You are less effective on this test case.
Your number of cycles for this file is 67.44% higher than number of cycles used by the reference.
Your cycles:	1517
Ref cycles:	906
✅ /clear/courses/comp412/students/ILOC/contributed/2015/lab2/arb11.i passed!
🐌 You are less effective on this test case.
Your number of cycles for this file is 30.00% higher than number of cycles used by the reference.
Your cycles:	52
Ref cycles:	40
✅ /clear/courses/comp412/students/ILOC/contributed/2015/lab2/jbk2.i passed!
🐌 You are less effective on this test case.
Your number of cycles for this file is 35.26% higher than number of cycles used by the reference.
Your cycles:	514
Ref cycles:	380
✅ /clear/courses/comp412/students/ILOC/contributed/2015/lab2/xal1.i passed!
🐌 You are less effective on this test case.
Your number of cycles for this file is 27.03% higher than number of cycles used by the reference.
Your cycles:	47
Ref cycles:	37
✅ /clear/courses/comp412/students/ILOC/contributed/2015/lab2/yk26.i passed!
🐌 You are less effective on this test case.
Your number of cycles for this file is 108.33% higher than number of cycles used by the reference.
Your cycles:	100
Ref cycles:	48
✅ /clear/courses/comp412/students/ILOC/contributed/2015/lab2/wsb1.i passed!
🐌 You are less effective on this test case.
Your number of cycles for this file is 38.24% higher than number of cycles used by the reference.
Your cycles:	47
Ref cycles:	34
✅ /clear/courses/comp412/students/ILOC/contributed/2015/lab2/hz30.i passed!
🐌 You are less effective on this test case.
Your number of cycles for this file is 130.56% higher than number of cycles used by the reference.
Your cycles:	83
Ref cycles:	36
✅ /clear/courses/comp412/students/ILOC/contributed/2015/lab2/wcr1.i passed!
✅ /clear/courses/comp412/students/ILOC/contributed/2015/lab2/ls53.i passed!
🐌 You are less effective on this test case.
Your number of cycles for this file is 96.49% higher than number of cycles used by the reference.
Your cycles:	112
Ref cycles:	57
✅ /clear/courses/comp412/students/ILOC/contributed/2015/lab2/yz75.i passed!
🐌 You are less effective on this test case.
Your number of cycles for this file is 38.78% higher than number of cycles used by the reference.
Your cycles:	68
Ref cycles:	49
✅ /clear/courses/comp412/students/ILOC/contributed/2015/lab2/njm3.i passed!
✅ /clear/courses/comp412/students/ILOC/contributed/2015/lab2/jfk2.i passed!
🐌 You are less effective on this test case.
Your number of cycles for this file is 110.53% higher than number of cycles used by the reference.
Your cycles:	120
Ref cycles:	57
✅ /clear/courses/comp412/students/ILOC/contributed/2015/lab2/xc12.i passed!
🐌 You are less effective on this test case.
Your number of cycles for this file is 84.00% higher than number of cycles used by the reference.
Your cycles:	92
Ref cycles:	50
✅ /clear/courses/comp412/students/ILOC/contributed/2015/lab2/ish1.i passed!
🐌 You are less effective on this test case.
Your number of cycles for this file is 168.89% higher than number of cycles used by the reference.
Your cycles:	121
Ref cycles:	45
✅ /clear/courses/comp412/students/ILOC/contributed/2015/lab2/kl33.i passed!
✅ /clear/courses/comp412/students/ILOC/contributed/2015/lab2/skn2.i passed!
✅ /clear/courses/comp412/students/ILOC/contributed/2015/lab2/lss4.i passed!
🐌 You are less effective on this test case.
Your number of cycles for this file is 132.14% higher than number of cycles used by the reference.
Your cycles:	130
Ref cycles:	56
✅ /clear/courses/comp412/students/ILOC/contributed/2015/lab3/yg31.i passed!
🐌 You are less effective on this test case.
Your number of cycles for this file is 24.81% higher than number of cycles used by the reference.
Your cycles:	166
Ref cycles:	133
✅ /clear/courses/comp412/students/ILOC/contributed/2015/lab3/pe4.i passed!
✅ /clear/courses/comp412/students/ILOC/contributed/2015/lab3/tl18.i passed!
🐌 You are less effective on this test case.
Your number of cycles for this file is 40.68% higher than number of cycles used by the reference.
Your cycles:	83
Ref cycles:	59
✅ /clear/courses/comp412/students/ILOC/contributed/2015/lab3/bx3.i passed!
✅ /clear/courses/comp412/students/ILOC/contributed/2015/lab3/zkk1.i passed!
🐇 You are more effective on this test case.
Your number of cycles for this file is 1.35% lower than number of cycles used by the reference.
Your cycles:	73
Ref cycles:	74
✅ /clear/courses/comp412/students/ILOC/contributed/2015/lab3/yw27.i passed!
✅ /clear/courses/comp412/students/ILOC/contributed/2015/lab3/ehs2.i passed!
✅ /clear/courses/comp412/students/ILOC/contributed/2015/lab3/oky1.i passed!
🐌 You are less effective on this test case.
Your number of cycles for this file is 18.06% higher than number of cycles used by the reference.
Your cycles:	85
Ref cycles:	72
✅ /clear/courses/comp412/students/ILOC/contributed/2015/lab3/mas20.i passed!
🐌 You are less effective on this test case.
Your number of cycles for this file is 33.33% higher than number of cycles used by the reference.
Your cycles:	24
Ref cycles:	18
✅ /clear/courses/comp412/students/ILOC/contributed/2015/lab3/yd18.i passed!
🐌 You are less effective on this test case.
Your number of cycles for this file is 105.71% higher than number of cycles used by the reference.
Your cycles:	144
Ref cycles:	70
✅ /clear/courses/comp412/students/ILOC/contributed/2015/lab3/cav2.i passed!
✅ /clear/courses/comp412/students/ILOC/contributed/2015/lab3/tve1.i passed!
✅ /clear/courses/comp412/students/ILOC/contributed/2015/lab3/gak2.i passed!
🐌 You are less effective on this test case.
Your number of cycles for this file is 38.64% higher than number of cycles used by the reference.
Your cycles:	61
Ref cycles:	44
✅ /clear/courses/comp412/students/ILOC/contributed/2015/lab3/ac86.i passed!
🐌 You are less effective on this test case.
Your number of cycles for this file is 12.50% higher than number of cycles used by the reference.
Your cycles:	18
Ref cycles:	16
✅ /clear/courses/comp412/students/ILOC/contributed/2015/lab3/jj26.i passed!
✅ /clear/courses/comp412/students/ILOC/contributed/2015/lab3/asn2.i passed!
🐇 You are more effective on this test case.
Your number of cycles for this file is 2.94% lower than number of cycles used by the reference.
Your cycles:	33
Ref cycles:	34
✅ /clear/courses/comp412/students/ILOC/contributed/2015/lab3/mww4.i passed!
🐌 You are less effective on this test case.
Your number of cycles for this file is 13.89% higher than number of cycles used by the reference.
Your cycles:	41
Ref cycles:	36
✅ /clear/courses/comp412/students/ILOC/contributed/2015/lab3/xw32.i passed!
✅ /clear/courses/comp412/students/ILOC/contributed/2015/lab3/yz56.i passed!
🐇 You are more effective on this test case.
Your number of cycles for this file is 3.12% lower than number of cycles used by the reference.
Your cycles:	31
Ref cycles:	32
✅ /clear/courses/comp412/students/ILOC/contributed/2015/lab3/fgd1.i passed!
🐌 You are less effective on this test case.
Your number of cycles for this file is 14.55% higher than number of cycles used by the reference.
Your cycles:	63
Ref cycles:	55
✅ /clear/courses/comp412/students/ILOC/contributed/2015/lab3/am98.i passed!
✅ /clear/courses/comp412/students/ILOC/contributed/2015/lab3/zc12.i passed!
🐌 You are less effective on this test case.
Your number of cycles for this file is 147.06% higher than number of cycles used by the reference.
Your cycles:	84
Ref cycles:	34
✅ /clear/courses/comp412/students/ILOC/contributed/2015/lab3/ptd3.i passed!
✅ /clear/courses/comp412/students/ILOC/contributed/2015/lab3/dh15.i passed!
✅ /clear/courses/comp412/students/ILOC/contributed/2015/lab3/wl22.i passed!
🐇 You are more effective on this test case.
Your number of cycles for this file is 2.17% lower than number of cycles used by the reference.
Your cycles:	45
Ref cycles:	46
✅ /clear/courses/comp412/students/ILOC/contributed/2015/lab3/jnd2.i passed!
✅ /clear/courses/comp412/students/ILOC/contributed/2015/lab3/kh25.i passed!
🐌 You are less effective on this test case.
Your number of cycles for this file is 10.42% higher than number of cycles used by the reference.
Your cycles:	53
Ref cycles:	48
✅ /clear/courses/comp412/students/ILOC/contributed/2015/lab3/med7.i passed!
✅ /clear/courses/comp412/students/ILOC/contributed/2015/lab3/lh15.i passed!
✅ /clear/courses/comp412/students/ILOC/contributed/2015/lab3/kws4.i passed!
🐌 You are less effective on this test case.
Your number of cycles for this file is 27.27% higher than number of cycles used by the reference.
Your cycles:	28
Ref cycles:	22
✅ /clear/courses/comp412/students/ILOC/contributed/2015/lab3/clf6.i passed!
🐇 You are more effective on this test case.
Your number of cycles for this file is 4.76% lower than number of cycles used by the reference.
Your cycles:	20
Ref cycles:	21
✅ /clear/courses/comp412/students/ILOC/contributed/2015/lab3/meh9.i passed!
✅ /clear/courses/comp412/students/ILOC/contributed/2015/lab3/jml13.i passed!
🐌 You are less effective on this test case.
Your number of cycles for this file is 72.09% higher than number of cycles used by the reference.
Your cycles:	74
Ref cycles:	43
✅ /clear/courses/comp412/students/ILOC/contributed/2015/lab3/bsl3.i passed!
🐌 You are less effective on this test case.
Your number of cycles for this file is 79.63% higher than number of cycles used by the reference.
Your cycles:	97
Ref cycles:	54
✅ /clear/courses/comp412/students/ILOC/contributed/2015/lab3/pd22.i passed!
🐌 You are less effective on this test case.
Your number of cycles for this file is 10.53% higher than number of cycles used by the reference.
Your cycles:	21
Ref cycles:	19
✅ /clear/courses/comp412/students/ILOC/contributed/2015/lab3/pat2.i passed!
✅ /clear/courses/comp412/students/ILOC/contributed/2015/lab3/arb11.i passed!
❌ /clear/courses/comp412/students/ILOC/contributed/2015/lab3/jbk2.i failed!
🤨 Your solution took 0 cycles. Something weird is going on...
- Summary:
- Simulator input used:Nothing (None found in source file)
- Reference output:
[1, 1, 2, 5, 14, 42, 132, 429, 1430, 4862, 16796, 58786, 208012, 742900, 2674440, 9694845, 35357670, 129644790, 477638700, 1767263190]
- Your output:
[]
✅ /clear/courses/comp412/students/ILOC/contributed/2015/lab3/xal1.i passed!
🐇 You are more effective on this test case.
Your number of cycles for this file is 11.76% lower than number of cycles used by the reference.
Your cycles:	15
Ref cycles:	17
✅ /clear/courses/comp412/students/ILOC/contributed/2015/lab3/wsb1.i passed!
✅ /clear/courses/comp412/students/ILOC/contributed/2015/lab3/hz30.i passed!
🐌 You are less effective on this test case.
Your number of cycles for this file is 27.27% higher than number of cycles used by the reference.
Your cycles:	42
Ref cycles:	33
✅ /clear/courses/comp412/students/ILOC/contributed/2015/lab3/wcr1.i passed!
✅ /clear/courses/comp412/students/ILOC/contributed/2015/lab3/yz75.i passed!
🐌 You are less effective on this test case.
Your number of cycles for this file is 51.61% higher than number of cycles used by the reference.
Your cycles:	47
Ref cycles:	31
✅ /clear/courses/comp412/students/ILOC/contributed/2015/lab3/njm3.i passed!
✅ /clear/courses/comp412/students/ILOC/contributed/2015/lab3/xc12.i passed!
✅ /clear/courses/comp412/students/ILOC/contributed/2015/lab3/ish1.i passed!
🐇 You are more effective on this test case.
Your number of cycles for this file is 2.94% lower than number of cycles used by the reference.
Your cycles:	66
Ref cycles:	68
❌ /clear/courses/comp412/students/ILOC/contributed/2015/lab3/kl33.i failed!
- Summary:
	Timed out! Your test took longer than 1s.
	This limit can be modified in runner.py
✅ /clear/courses/comp412/students/ILOC/contributed/2015/lab3/skn2.i passed!
✅ /clear/courses/comp412/students/ILOC/contributed/2015/lab3/ktr2.i passed!
🐇 You are more effective on this test case.
Your number of cycles for this file is 7.69% lower than number of cycles used by the reference.
Your cycles:	12
Ref cycles:	13
✅ /clear/courses/comp412/students/ILOC/contributed/2015/lab3/lss4.i passed!
----------------------------------------------------------------------
Your aggregrate number of cycles is 30.59% higher than the aggregate number of cycles used by lab2_ref.
Your number of cycles is on average 19.00% higher than the number of cycles used by lab2_ref.

🙃 You passed 518/522 tests.

Consider adding your own tests cases to the repository so the whole class can benefit!
https://github.com/zawie/zill412

